02-09 13:21:13.807  1684  1684 D SystemServerTiming: OnBootPhase_500_com.android.server.am.ActivityManagerService$Lifecycle
02-09 13:21:14.046  1684  1684 D SystemServerTiming: OnBootPhase_520_com.android.server.am.ActivityManagerService$Lifecycle
02-09 13:21:14.147  1684  1684 D SystemServerTiming: PhaseActivityManagerReady
02-09 13:21:14.170  1684  1684 E ActivityManager: Unable to find com.google.android.trichromelibrary_720406333/u0
02-09 13:21:14.170  1684  1684 E ActivityManager: Unable to find com.google.android.trichromelibrary_720417933/u0
02-09 13:21:14.170  1684  1684 E ActivityManager: Unable to find com.google.android.trichromelibrary_720418033/u0
02-09 13:21:14.171  1684  1684 E ActivityManager: Unable to find com.google.android.trichromelibrary_733905133/u0
02-09 13:21:14.171  1684  1684 E ActivityManager: Unable to find com.google.android.trichromelibrary_733912333/u0
02-09 13:21:14.171  1684  1684 E ActivityManager: Unable to find com.google.android.trichromelibrary_733915533/u0
02-09 13:21:14.171  1684  1684 E ActivityManager: Unable to find com.google.android.trichromelibrary_733920733/u0
02-09 13:21:14.171  1684  1684 E ActivityManager: Unable to find com.google.android.trichromelibrary_733920833/u0
02-09 13:21:14.171  1684  1684 E ActivityManager: Unable to find com.google.android.trichromelibrary_725812333/u0
02-09 13:21:14.171  1684  1684 E ActivityManager: Unable to find com.google.android.trichromelibrary_725814333/u0
02-09 13:21:14.171  1684  1684 E ActivityManager: Unable to find com.google.android.trichromelibrary_725815833/u0
02-09 13:21:14.172  1684  1684 E ActivityManager: Unable to find com.google.android.trichromelibrary_739004333/u0
02-09 13:21:14.172  1684  1684 E ActivityManager: Unable to find com.google.android.trichromelibrary_739007033/u0
02-09 13:21:14.186  1684  1684 I ActivityManager: System now ready
02-09 13:21:14.198  1684  1684 D SystemServerTiming: StartActivityManagerReadyPhase
02-09 13:21:14.199  1684  1684 D SystemServerTiming: OnBootPhase_550_com.android.server.am.ActivityManagerService$Lifecycle
02-09 13:21:14.222  1684  1684 W ActivityManager: Too early to start/bind service in system_server: Phase=550 ComponentInfo{com.android.server.telecom/com.android.server.telecom.components.TelecomService}
02-09 13:21:14.222  1684  1684 W ActivityManager: Too early to start/bind service in system_server: Phase=550 ComponentInfo{com.android.server.telecom/com.android.server.telecom.components.TelecomService}
02-09 13:21:14.380  1684  1844 I ActivityManager: Start proc 2077:com.android.systemui/u0a161 for service {com.android.systemui/com.android.systemui.wallpapers.ImageWallpaper}
02-09 13:21:14.384  1684  1844 I ActivityManager: ProcessObserver broadcast disabled
02-09 13:21:14.695  1684  1684 D SystemServerTiming: OnBootPhase_600_com.android.server.am.ActivityManagerService$Lifecycle
02-09 13:21:14.695  1684  1684 D ActivityManager: ThemeHomeDelay: Home launch is not delayable, skipping timeout creation
02-09 13:21:14.705  1684  1844 I ActivityManager: Start proc 2111:WebViewLoader-arm64-v8a/1037 [android.webkit.WebViewLibraryLoader$RelroFileCreator] for 
02-09 13:21:14.705  1684  1844 I ActivityManager: ProcessObserver broadcast disabled
02-09 13:21:14.903  1684  1684 I ActivityManager: Current user:0
02-09 13:21:14.903  1684  1684 D SystemServerTiming: ActivityManagerStartApps
02-09 13:21:14.906  1684  1684 D SystemServerTimingAsync: ssm.onStartUser-0_com.android.server.am.ActivityManagerService$Lifecycle
02-09 13:21:14.906  1684  1844 I ActivityManager: Start proc 2187:com.android.networkstack.process/1073 for service {com.android.networkstack/com.android.server.NetworkStackService}
02-09 13:21:14.907  1684  1844 I ActivityManager: ProcessObserver broadcast disabled
02-09 13:21:14.973  1684  1897 I ActivityManager: Process WebViewLoader-arm64-v8a (pid 2111) has died: psvc PER 
02-09 13:21:15.122  1684  1844 W ActivityManager: Slow operation: 130ms so far, now at startProcess: done updating battery stats
02-09 13:21:15.122  1684  1844 W ActivityManager: Slow operation: 130ms so far, now at startProcess: building log message
02-09 13:21:15.122  1684  1844 I ActivityManager: Start proc 2222:com.android.se/1068 for added application com.android.se
02-09 13:21:15.122  1684  1844 W ActivityManager: Slow operation: 130ms so far, now at startProcess: starting to update pids map
02-09 13:21:15.122  1684  1844 I ActivityManager: ProcessObserver broadcast disabled
02-09 13:21:15.122  1684  1844 W ActivityManager: Slow operation: 130ms so far, now at startProcess: done updating pids map
02-09 13:21:15.122  1684  1844 W ActivityManager: Slow operation: 124ms so far, now at startProcess: asking zygote to start proc
02-09 13:21:15.135  1684  1844 W ActivityManager: Slow operation: 136ms so far, now at startProcess: returned from zygote!
02-09 13:21:15.142  1684  1844 W ActivityManager: Slow operation: 144ms so far, now at startProcess: done updating battery stats
02-09 13:21:15.143  1684  1844 W ActivityManager: Slow operation: 144ms so far, now at startProcess: building log message
02-09 13:21:15.143  1684  1844 I ActivityManager: Start proc 2253:com.android.phone/1001 for added application com.android.phone
02-09 13:21:15.143  1684  1844 W ActivityManager: Slow operation: 144ms so far, now at startProcess: starting to update pids map
02-09 13:21:15.143  1684  1844 I ActivityManager: ProcessObserver broadcast disabled
02-09 13:21:15.143  1684  1844 W ActivityManager: Slow operation: 144ms so far, now at startProcess: done updating pids map
02-09 13:21:15.159  1684  1844 I ActivityManager: Start proc 2258:com.android.settings/1000 for top-activity {com.android.settings/com.android.settings.FallbackHome}
02-09 13:21:15.160  1684  1844 I ActivityManager: ProcessObserver broadcast disabled
02-09 13:21:15.427  1684  1844 I ActivityManager: Start proc 2313:com.google.android.gms.persistent/u0a125 for broadcast {com.google.android.gms/com.google.android.gms.chimera.GmsIntentOperationService$PersistentTrustedReceiver}
02-09 13:21:15.428  1684  1844 I ActivityManager: ProcessObserver broadcast disabled
02-09 13:21:15.608  1684  1835 D ActivityManagerTiming: FinishBooting
02-09 13:21:15.739  1684  1844 I ActivityManager: Start proc 2370:com.android.launcher3/u0a157 for service {com.android.launcher3/com.android.quickstep.TouchInteractionService}
02-09 13:21:15.739  1684  1844 I ActivityManager: ProcessObserver broadcast disabled
02-09 13:21:15.944  1684  1844 I ActivityManager: Start proc 2415:com.android.smspush/u0a167 for service {com.android.smspush/com.android.smspush.WapPushManager}
02-09 13:21:15.944  1684  1844 I ActivityManager: ProcessObserver broadcast disabled
02-09 13:21:16.316  1684  2252 W ActivityManager: Unable to start service Intent { act=com.google.android.chimera.BoundService.START dat=chimera-action: xflg=0x4 cmp=com.google.android.gms/.chimera.PersistentApiService } U=0: not found
02-09 13:21:16.317  1684  1897 W ActivityManager: Unbind failed: could not find connection for android.os.BinderProxy@93d5154
02-09 13:21:16.441  1684  1844 I ActivityManager: Start proc 2472:com.android.permissioncontroller/u0a173 for broadcast {com.android.permissioncontroller/com.android.permissioncontroller.privacysources.SafetyCenterReceiver}
02-09 13:21:16.441  1684  1844 I ActivityManager: ProcessObserver broadcast disabled
02-09 13:21:16.894  1684  1844 I ActivityManager: Start proc 2910:com.android.cellbroadcastreceiver.module/u0a179 for broadcast {com.android.cellbroadcastreceiver.module/com.android.cellbroadcastreceiver.CellBroadcastReceiver}
02-09 13:21:16.894  1684  1844 I ActivityManager: ProcessObserver broadcast disabled
02-09 13:21:17.256  1684  1899 W ActivityManager: pid 2253 com.android.phone sent binder code 58 with flags 2 to frozen apps and got error -74
02-09 13:21:17.448  1684  1899 W ActivityManager: Removing FLAG_RECEIVER_FROM_SHELL because caller is UID 1000
02-09 13:21:17.456  1684  1899 W ActivityManager: Removing FLAG_RECEIVER_FROM_SHELL because caller is UID 1000
02-09 13:21:17.477  1684  2909 W ActivityManager: Removing FLAG_RECEIVER_FROM_SHELL because caller is UID 1000
02-09 13:21:17.478  1684  3018 W ActivityManager: Removing FLAG_RECEIVER_FROM_SHELL because caller is UID 1000
02-09 13:21:17.835  1684  2928 D ActivityManager: ThemeHomeDelay: Home launch is not delayable, ignoring setThemeOverlayReady() call
02-09 13:21:17.862  1684  2909 D ActivityManager: ThemeHomeDelay: Home launch is not delayable, ignoring setThemeOverlayReady() call
02-09 13:21:20.727  1684  1844 I ActivityManager: Start proc 4283:com.android.dialer/u0a118 for broadcast {com.android.dialer/com.android.dialer.app.voicemail.LegacyVoicemailNotificationReceiver}
02-09 13:21:20.727  1684  1844 I ActivityManager: ProcessObserver broadcast disabled
02-09 13:21:21.493  1684  1835 D ActivityManagerTiming: FinishBooting
02-09 13:21:21.510  1684  1835 I ActivityManager: About to commit checkpoint
02-09 13:21:21.511  1684  1835 D ActivityManagerTiming: OnBootPhase_1000
02-09 13:21:21.511  1684  1835 D ActivityManagerTiming: OnBootPhase_1000_com.android.server.security.FileIntegrityService
02-09 13:21:21.511  1684  1835 D ActivityManagerTiming: OnBootPhase_1000_com.android.server.pm.Installer
02-09 13:21:21.512  1684  1835 D ActivityManagerTiming: OnBootPhase_1000_com.android.server.os.DeviceIdentifiersPolicyService
02-09 13:21:21.512  1684  1835 D ActivityManagerTiming: OnBootPhase_1000_com.android.server.flags.FeatureFlagsService
02-09 13:21:21.512  1684  1835 D ActivityManagerTiming: OnBootPhase_1000_com.android.server.uri.UriGrantsManagerService$Lifecycle
02-09 13:21:21.512  1684  1835 D ActivityManagerTiming: OnBootPhase_1000_com.android.server.powerstats.PowerStatsService
02-09 13:21:21.512  1684  1835 D ActivityManagerTiming: OnBootPhase_1000_com.android.server.permission.access.AccessCheckingService
02-09 13:21:21.512  1684  1835 D ActivityManagerTiming: OnBootPhase_1000_com.android.server.wm.ActivityTaskManagerService$Lifecycle
02-09 13:21:21.512  1684  1835 D ActivityManagerTiming: OnBootPhase_1000_com.android.server.am.ActivityManagerService$Lifecycle
02-09 13:21:21.512  1684  1835 D ActivityManagerTiming: OnBootPhase_1000_com.android.server.pm.DataLoaderManagerService
02-09 13:21:21.512  1684  1835 D ActivityManagerTiming: OnBootPhase_1000_com.android.server.power.PowerManagerService
02-09 13:21:21.513  1684  1835 D ActivityManagerTiming: OnBootPhase_1000_com.android.server.power.ThermalManagerService
02-09 13:21:21.514  1684  1835 D ActivityManagerTiming: OnBootPhase_1000_com.android.server.recoverysystem.RecoverySystemService$Lifecycle
02-09 13:21:21.514  1684  1835 D ActivityManagerTiming: OnBootPhase_1000_com.android.server.lights.LightsService
02-09 13:21:21.514  1684  1835 D ActivityManagerTiming: OnBootPhase_1000_com.android.server.display.DisplayManagerService
02-09 13:21:21.517  1684  1835 D ActivityManagerTiming: OnBootPhase_1000_com.android.server.pm.verify.domain.DomainVerificationService
02-09 13:21:21.517  1684  1835 D ActivityManagerTiming: OnBootPhase_1000_com.android.server.pm.PackageInstallerService$Lifecycle
02-09 13:21:21.517  1684  1835 D ActivityManagerTiming: OnBootPhase_1000_com.android.server.pm.UserManagerService$LifeCycle
02-09 13:21:21.517  1684  1835 D ActivityManagerTiming: OnBootPhase_1000_com.android.server.om.OverlayManagerService
02-09 13:21:21.517  1684  1835 D ActivityManagerTiming: OnBootPhase_1000_com.android.server.resources.ResourcesManagerService
02-09 13:21:21.517  1684  1835 D ActivityManagerTiming: OnBootPhase_1000_com.android.server.sensorprivacy.SensorPrivacyService
02-09 13:21:21.517  1684  1835 D ActivityManagerTiming: OnBootPhase_1000_com.android.server.sensors.SensorService
02-09 13:21:21.517  1684  1835 D ActivityManagerTiming: OnBootPhase_1000_com.android.server.SystemConfigService
02-09 13:21:21.517  1684  1835 D ActivityManagerTiming: OnBootPhase_1000_com.android.server.BatteryService
02-09 13:21:21.521  1684  1835 D ActivityManagerTiming: OnBootPhase_1000_com.android.server.usage.UsageStatsService
02-09 13:21:21.522  1684  1835 D ActivityManagerTiming: OnBootPhase_1000_com.android.server.webkit.WebViewUpdateService
02-09 13:21:21.522  1684  1835 D ActivityManagerTiming: OnBootPhase_1000_com.android.server.CachedDeviceStateService
02-09 13:21:21.522  1684  1835 D ActivityManagerTiming: OnBootPhase_1000_com.android.server.BinderCallsStatsService$LifeCycle
02-09 13:21:21.522  1684  1835 D ActivityManagerTiming: OnBootPhase_1000_com.android.server.LooperStatsService$Lifecycle
02-09 13:21:21.522  1684  1835 D ActivityManagerTiming: OnBootPhase_1000_com.android.server.rollback.RollbackManagerService
02-09 13:21:21.523  1684  1835 D ActivityManagerTiming: OnBootPhase_1000_com.android.server.os.NativeTombstoneManagerService
02-09 13:21:21.523  1684  1835 D ActivityManagerTiming: OnBootPhase_1000_com.android.server.os.BugreportManagerService
02-09 13:21:21.523  1684  1835 D ActivityManagerTiming: OnBootPhase_1000_com.android.server.gpu.GpuService
02-09 13:21:21.523  1684  1835 D ActivityManagerTiming: OnBootPhase_1000_com.android.server.security.rkp.RemoteProvisioningService
02-09 13:21:21.523  1684  1835 D ActivityManagerTiming: OnBootPhase_1000_com.android.server.security.KeyChainSystemService
02-09 13:21:21.523  1684  1835 D ActivityManagerTiming: OnBootPhase_1000_com.android.server.BinaryTransparencyService
02-09 13:21:21.533  1684  1835 D ActivityManagerTiming: OnBootPhase_1000_com.android.server.telecom.TelecomLoaderService
02-09 13:21:21.533  1684  1835 D ActivityManagerTiming: OnBootPhase_1000_com.android.server.accounts.AccountManagerService$Lifecycle
02-09 13:21:21.534  1684  1835 D ActivityManagerTiming: OnBootPhase_1000_com.android.server.content.ContentService$Lifecycle
02-09 13:21:21.534  1684  1835 D ActivityManagerTiming: OnBootPhase_1000_com.android.server.deviceconfig.DeviceConfigInit$Lifecycle
02-09 13:21:21.534  1684  1835 D ActivityManagerTiming: OnBootPhase_1000_com.android.server.DropBoxManagerService
02-09 13:21:21.534  1684  1835 D ActivityManagerTiming: OnBootPhase_1000_com.android.ecm.EnhancedConfirmationService
02-09 13:21:21.534  1684  1835 D ActivityManagerTiming: OnBootPhase_1000_com.android.server.power.hint.HintManagerService
02-09 13:21:21.534  1684  1835 D ActivityManagerTiming: OnBootPhase_1000_com.android.role.RoleService
02-09 13:21:21.535  1684  1835 D ActivityManagerTiming: OnBootPhase_1000_com.android.server.supervision.SupervisionService$Lifecycle
02-09 13:21:21.535  1684  1835 D ActivityManagerTiming: OnBootPhase_1000_com.android.server.vibrator.VibratorManagerService$Lifecycle
02-09 13:21:21.535  1684  1835 D ActivityManagerTiming: OnBootPhase_1000_com.android.server.alarm.AlarmManagerService
02-09 13:21:21.535  1684  1835 D ActivityManagerTiming: OnBootPhase_1000_com.android.server.input.InputManagerService$Lifecycle
02-09 13:21:21.535  1684  1835 D ActivityManagerTiming: OnBootPhase_1000_com.android.server.devicestate.DeviceStateManagerService
02-09 13:21:21.535  1684  1835 D ActivityManagerTiming: OnBootPhase_1000_com.android.server.camera.CameraServiceProxy
02-09 13:21:21.537  1684  1835 D ActivityManagerTiming: OnBootPhase_1000_com.android.server.bluetooth.BluetoothService
02-09 13:21:21.538  1684  1835 D ActivityManagerTiming: OnBootPhase_1000_com.android.server.connectivity.IpConnectivityMetrics
02-09 13:21:21.538  1684  1835 D ActivityManagerTiming: OnBootPhase_1000_com.android.server.net.watchlist.NetworkWatchlistService$Lifecycle
02-09 13:21:21.538  1684  1835 D ActivityManagerTiming: OnBootPhase_1000_com.android.server.pinner.PinnerService
02-09 13:21:21.538  1684  1835 D ActivityManagerTiming: OnBootPhase_1000_com.android.server.integrity.AppIntegrityManagerService
02-09 13:21:21.538  1684  1835 D ActivityManagerTiming: OnBootPhase_1000_com.android.server.logcat.LogcatManagerService
02-09 13:21:21.538  1684  1835 D ActivityManagerTiming: OnBootPhase_1000_com.android.server.security.intrusiondetection.IntrusionDetectionService
02-09 13:21:21.538  1684  1835 D ActivityManagerTiming: OnBootPhase_1000_com.android.server.appfunctions.AppFunctionManagerService
02-09 13:21:21.538  1684  1835 D ActivityManagerTiming: OnBootPhase_1000_com.android.server.security.advancedprotection.AdvancedProtectionService$Lifecycle
02-09 13:21:21.538  1684  1835 D ActivityManagerTiming: OnBootPhase_1000_com.android.server.TradeInModeService
02-09 13:21:21.538  1684  1835 D ActivityManagerTiming: OnBootPhase_1000_com.android.server.inputmethod.InputMethodManagerService$Lifecycle
02-09 13:21:21.538  1684  1835 D ActivityManagerTiming: OnBootPhase_1000_com.android.server.accessibility.AccessibilityManagerService$Lifecycle
02-09 13:21:21.538  1684  1835 D ActivityManagerTiming: OnBootPhase_1000_com.android.server.StorageManagerService$Lifecycle
02-09 13:21:21.538  1684  1835 D ActivityManagerTiming: OnBootPhase_1000_com.android.server.usage.StorageStatsService$Lifecycle
02-09 13:21:21.538  1684  1835 D ActivityManagerTiming: OnBootPhase_1000_com.android.server.UiModeManagerService
02-09 13:21:21.538  1684  1835 D ActivityManagerTiming: OnBootPhase_1000_com.android.server.locales.LocaleManagerService
02-09 13:21:21.538  1684  1835 D ActivityManagerTiming: OnBootPhase_1000_com.android.server.grammaticalinflection.GrammaticalInflectionService
02-09 13:21:21.538  1684  1835 D ActivityManagerTiming: OnBootPhase_1000_com.android.server.apphibernation.AppHibernationService
02-09 13:21:21.543  1684  1835 D ActivityManagerTiming: OnBootPhase_1000_com.android.server.locksettings.LockSettingsService$Lifecycle
02-09 13:21:21.544  1684  1835 D ActivityManagerTiming: OnBootPhase_1000_com.android.server.testharness.TestHarnessModeService
02-09 13:21:21.547  1684  1835 D ActivityManagerTiming: OnBootPhase_1000_com.android.server.DeviceIdleController
02-09 13:21:21.547  1684  1835 D ActivityManagerTiming: OnBootPhase_1000_com.android.server.devicepolicy.DevicePolicyManagerService$Lifecycle
02-09 13:21:21.547  1684  1835 D ActivityManagerTiming: OnBootPhase_1000_com.android.server.texttospeech.TextToSpeechManagerService
02-09 13:21:21.547  1684  1835 D ActivityManagerTiming: OnBootPhase_1000_com.android.server.wearable.WearableSensingManagerService
02-09 13:21:21.547  1684  1835 D ActivityManagerTiming: OnBootPhase_1000_com.android.server.ondeviceintelligence.OnDeviceIntelligenceManagerService
02-09 13:21:21.547  1684  1835 D ActivityManagerTiming: OnBootPhase_1000_com.android.server.speech.SpeechRecognitionManagerService
02-09 13:21:21.547  1684  1835 D ActivityManagerTiming: OnBootPhase_1000_com.android.server.contextualsearch.ContextualSearchManagerService
02-09 13:21:21.547  1684  1835 D ActivityManagerTiming: OnBootPhase_1000_com.android.server.graphics.fonts.FontManagerService$Lifecycle
02-09 13:21:21.549  1684  1835 D ActivityManagerTiming: OnBootPhase_1000_com.android.server.textservices.TextServicesManagerService$Lifecycle
02-09 13:21:21.549  1684  1835 D ActivityManagerTiming: OnBootPhase_1000_com.android.server.textclassifier.TextClassificationManagerService$Lifecycle
02-09 13:21:21.550  1684  1835 D ActivityManagerTiming: OnBootPhase_1000_com.android.server.NetworkScoreService$Lifecycle
02-09 13:21:21.550  1684  1835 D ActivityManagerTiming: OnBootPhase_1000_com.android.server.NetworkStatsServiceInitializer
02-09 13:21:21.550  1684  1835 D ActivityManagerTiming: OnBootPhase_1000_com.android.server.wifi.WifiService
02-09 13:21:21.550  1684  1835 D ActivityManagerTiming: OnBootPhase_1000_com.android.server.wifi.scanner.WifiScanningService
02-09 13:21:21.550  1684  1835 D ActivityManagerTiming: OnBootPhase_1000_com.android.server.wifi.p2p.WifiP2pService
02-09 13:21:21.550  1684  1835 D ActivityManagerTiming: OnBootPhase_1000_com.android.server.ConnectivityServiceInitializer
02-09 13:21:21.584  1684  1835 D ActivityManagerTiming: OnBootPhase_1000_com.android.server.notification.NotificationManagerService
02-09 13:21:21.588  1684  1835 D ActivityManagerTiming: OnBootPhase_1000_com.android.server.storage.DeviceStorageMonitorService
02-09 13:21:21.588  1684  1835 D ActivityManagerTiming: OnBootPhase_1000_com.android.server.timedetector.TimeDetectorService$Lifecycle
02-09 13:21:21.588  1684  1835 D ActivityManagerTiming: OnBootPhase_1000_com.android.server.location.LocationManagerService$Lifecycle
02-09 13:21:21.588  1684  1835 D ActivityManagerTiming: OnBootPhase_1000_com.android.server.timezonedetector.TimeZoneDetectorService$Lifecycle
02-09 13:21:21.588  1684  1835 D ActivityManagerTiming: OnBootPhase_1000_com.android.server.location.altitude.AltitudeService$Lifecycle
02-09 13:21:21.588  1684  1835 D ActivityManagerTiming: OnBootPhase_1000_com.android.server.timezonedetector.location.LocationTimeZoneManagerService$Lifecycle
02-09 13:21:21.588  1684  1835 D ActivityManagerTiming: OnBootPhase_1000_com.android.server.search.SearchManagerService$Lifecycle
02-09 13:21:21.589  1684  1835 D ActivityManagerTiming: OnBootPhase_1000_com.android.server.wallpaper.WallpaperManagerService$Lifecycle
02-09 13:21:21.589  1684  1835 D ActivityManagerTiming: OnBootPhase_1000_com.android.server.audio.AudioService$Lifecycle
02-09 13:21:21.589  1684  1835 D ActivityManagerTiming: OnBootPhase_1000_com.android.server.soundtrigger_middleware.SoundTriggerMiddlewareService$Lifecycle
02-09 13:21:21.589  1684  1835 D ActivityManagerTiming: OnBootPhase_1000_com.android.server.DockObserver
02-09 13:21:21.589  1684  1835 D ActivityManagerTiming: OnBootPhase_1000_com.android.server.midi.MidiService$Lifecycle
02-09 13:21:21.589  1684  1835 D ActivityManagerTiming: OnBootPhase_1000_com.android.server.adb.AdbService$Lifecycle
02-09 13:21:21.589  1684  1835 D ActivityManagerTiming: OnBootPhase_1000_com.android.server.usb.UsbService$Lifecycle
02-09 13:21:21.590  1684  1835 D ActivityManagerTiming: OnBootPhase_1000_com.android.server.SerialService$Lifecycle
02-09 13:21:21.590  1684  1835 D ActivityManagerTiming: OnBootPhase_1000_com.android.server.twilight.TwilightService
02-09 13:21:21.591  1684  1835 D ActivityManagerTiming: OnBootPhase_1000_com.android.server.display.color.ColorDisplayService
02-09 13:21:21.591  1684  1835 D ActivityManagerTiming: OnBootPhase_1000_com.android.server.job.JobSchedulerService
02-09 13:21:21.591  1684  1835 D ActivityManagerTiming: OnBootPhase_1000_com.android.server.soundtrigger.SoundTriggerService
02-09 13:21:21.592  1684  1835 D ActivityManagerTiming: OnBootPhase_1000_com.android.server.trust.TrustManagerService
02-09 13:21:21.592  1684  1835 D ActivityManagerTiming: OnBootPhase_1000_com.android.server.backup.BackupManagerService$Lifecycle
02-09 13:21:21.592  1684  1835 D ActivityManagerTiming: OnBootPhase_1000_com.android.server.appwidget.AppWidgetService
02-09 13:21:21.592  1684  1835 D ActivityManagerTiming: OnBootPhase_1000_com.android.server.voiceinteraction.VoiceInteractionManagerService
02-09 13:21:21.592  1684  1835 D ActivityManagerTiming: OnBootPhase_1000_com.android.server.GestureLauncherService
02-09 13:21:21.592  1684  1835 D ActivityManagerTiming: OnBootPhase_1000_com.android.server.SensorNotificationService
02-09 13:21:21.610  1684  1835 D ActivityManagerTiming: OnBootPhase_1000_com.android.server.emergency.EmergencyAffordanceService
02-09 13:21:21.610  1684  1835 D ActivityManagerTiming: OnBootPhase_1000_com.android.server.blob.BlobStoreManagerService
02-09 13:21:21.612  1684  1835 D ActivityManagerTiming: OnBootPhase_1000_com.android.server.dreams.DreamManagerService
02-09 13:21:21.612  1684  1835 D ActivityManagerTiming: OnBootPhase_1000_com.android.server.print.PrintManagerService
02-09 13:21:21.612  1684  1835 D ActivityManagerTiming: OnBootPhase_1000_com.android.server.security.AttestationVerificationManagerService
02-09 13:21:21.612  1684  1835 D ActivityManagerTiming: OnBootPhase_1000_com.android.server.companion.CompanionDeviceManagerService
02-09 13:21:21.614  1684  1844 I ActivityManager: Start proc 4316:com.android.bluetooth/1002 for service {com.android.bluetooth/com.android.bluetooth.btservice.AdapterService}
02-09 13:21:21.614  1684  1844 I ActivityManager: ProcessObserver broadcast disabled
02-09 13:21:21.616  1684  1835 D ActivityManagerTiming: OnBootPhase_1000_com.android.server.companion.virtual.VirtualDeviceManagerService
02-09 13:21:21.616  1684  1835 D ActivityManagerTiming: OnBootPhase_1000_com.android.server.restrictions.RestrictionsManagerService
02-09 13:21:21.616  1684  1835 D ActivityManagerTiming: OnBootPhase_1000_com.android.server.media.MediaSessionService
02-09 13:21:21.617  1684  1835 D ActivityManagerTiming: OnBootPhase_1000_com.android.server.media.MediaResourceMonitorService
02-09 13:21:21.617  1684  1835 D ActivityManagerTiming: OnBootPhase_1000_com.android.server.biometrics.sensors.fingerprint.FingerprintService
02-09 13:21:21.617  1684  1835 D ActivityManagerTiming: OnBootPhase_1000_com.android.server.biometrics.BiometricService
02-09 13:21:21.617  1684  1835 D ActivityManagerTiming: OnBootPhase_1000_com.android.server.biometrics.AuthService
02-09 13:21:21.617  1684  1835 D ActivityManagerTiming: OnBootPhase_1000_com.android.server.security.authenticationpolicy.AuthenticationPolicyService
02-09 13:21:21.617  1684  1835 D ActivityManagerTiming: OnBootPhase_1000_com.android.server.pm.ShortcutService$Lifecycle
02-09 13:21:21.617  1684  1835 D ActivityManagerTiming: OnBootPhase_1000_com.android.server.pm.LauncherAppsService
02-09 13:21:21.617  1684  1835 D ActivityManagerTiming: OnBootPhase_1000_com.android.server.pm.CrossProfileAppsService
02-09 13:21:21.617  1684  1835 D ActivityManagerTiming: OnBootPhase_1000_com.android.server.people.PeopleService
02-09 13:21:21.619  1684  1835 D ActivityManagerTiming: OnBootPhase_1000_com.android.server.media.metrics.MediaMetricsManagerService
02-09 13:21:21.619  1684  1835 D ActivityManagerTiming: OnBootPhase_1000_com.android.server.pm.BackgroundInstallControlService
02-09 13:21:21.619  1684  1835 D ActivityManagerTiming: OnBootPhase_1000_com.android.server.media.projection.MediaProjectionManagerService
02-09 13:21:21.619  1684  1835 D ActivityManagerTiming: OnBootPhase_1000_com.android.server.slice.SliceManagerService$Lifecycle
02-09 13:21:21.619  1684  1835 D ActivityManagerTiming: OnBootPhase_1000_com.android.server.stats.StatsCompanion$Lifecycle
02-09 13:21:21.619  1684  1835 D ActivityManagerTiming: OnBootPhase_1000_com.android.server.scheduling.RebootReadinessManagerService$Lifecycle
02-09 13:21:21.620  1684  1835 D ActivityManagerTiming: OnBootPhase_1000_com.android.server.stats.pull.StatsPullAtomService
02-09 13:21:21.620  1684  1835 D ActivityManagerTiming: OnBootPhase_1000_com.android.server.stats.bootstrap.StatsBootstrapAtomService$Lifecycle
02-09 13:21:21.620  1684  1835 D ActivityManagerTiming: OnBootPhase_1000_com.android.server.incident.IncidentCompanionService
02-09 13:21:21.620  1684  1835 D ActivityManagerTiming: OnBootPhase_1000_com.android.server.sdksandbox.SdkSandboxManagerService$Lifecycle
02-09 13:21:21.620  1684  1835 D ActivityManagerTiming: OnBootPhase_1000_com.android.server.adservices.AdServicesManagerService$Lifecycle
02-09 13:21:21.620  1684  1835 D ActivityManagerTiming: OnBootPhase_1000_com.android.server.ondevicepersonalization.OnDevicePersonalizationSystemService$Lifecycle
02-09 13:21:21.620  1684  1835 D ActivityManagerTiming: OnBootPhase_1000_android.os.profiling.ProfilingService$Lifecycle
02-09 13:21:21.620  1684  1835 D ActivityManagerTiming: OnBootPhase_1000_com.android.server.MmsServiceBroker
02-09 13:21:21.620  1684  1835 D ActivityManagerTiming: OnBootPhase_1000_com.android.server.autofill.AutofillManagerService
02-09 13:21:21.620  1684  1835 D ActivityManagerTiming: OnBootPhase_1000_com.android.server.credentials.CredentialManagerService
02-09 13:21:21.620  1684  1835 D ActivityManagerTiming: OnBootPhase_1000_com.android.server.clipboard.ClipboardService
02-09 13:21:21.620  1684  1835 D ActivityManagerTiming: OnBootPhase_1000_com.android.server.appbinding.AppBindingService$Lifecycle
02-09 13:21:21.620  1684  1835 D ActivityManagerTiming: OnBootPhase_1000_com.android.server.tracing.TracingServiceProxy
02-09 13:21:21.620  1684  1835 D ActivityManagerTiming: OnBootPhase_1000_com.android.server.os.instrumentation.DynamicInstrumentationManagerService
02-09 13:21:21.620  1684  1835 D ActivityManagerTiming: OnBootPhase_1000_org.lineageos.platform.internal.ProfileManagerService
02-09 13:21:21.620  1684  1835 D ActivityManagerTiming: OnBootPhase_1000_org.lineageos.platform.internal.LineageHardwareService
02-09 13:21:21.621  1684  1835 D ActivityManagerTiming: OnBootPhase_1000_org.lineageos.platform.internal.display.LiveDisplayService
02-09 13:21:21.652  1684  1835 D ActivityManagerTiming: OnBootPhase_1000_org.lineageos.platform.internal.TrustInterfaceService
02-09 13:21:21.653  1684  1835 D ActivityManagerTiming: OnBootPhase_1000_org.lineageos.platform.internal.LineageSettingsService
02-09 13:21:21.653  1684  1835 D ActivityManagerTiming: OnBootPhase_1000_org.lineageos.platform.internal.LineageGlobalActionsService
02-09 13:21:21.654  1684  1835 D ActivityManagerTiming: OnBootPhase_1000_org.lineageos.platform.internal.health.HealthInterfaceService
02-09 13:21:21.654  1684  1835 D ActivityManagerTiming: OnBootPhase_1000_com.android.server.policy.PermissionPolicyService
02-09 13:21:21.655  1684  1835 D ActivityManagerTiming: OnBootPhase_1000_com.android.server.pm.StagingManager$Lifecycle
02-09 13:21:21.661  1684  1835 D ActivityManagerTiming: OnBootPhase_1000_com.android.server.crashrecovery.CrashRecoveryModule$Lifecycle
02-09 13:21:21.661  1684  1835 D ActivityManagerTiming: OnBootPhase_1000_com.android.server.app.GameManagerService$Lifecycle
02-09 13:21:21.663  1684  1835 D ActivityManagerTiming: OnBootPhase_1000_com.android.server.ranging.RangingService
02-09 13:21:21.663  1684  1835 D ActivityManagerTiming: OnBootPhase_1000_com.android.safetycenter.SafetyCenterService
02-09 13:21:21.668  1684  1835 D ActivityManagerTiming: OnBootPhase_1000_com.android.server.appsearch.AppSearchModule$Lifecycle
02-09 13:21:21.668  1684  1835 D ActivityManagerTiming: OnBootPhase_1000_com.android.server.media.MediaCommunicationService
02-09 13:21:21.668  1684  1835 D ActivityManagerTiming: OnBootPhase_1000_com.android.server.compat.overrides.AppCompatOverridesService$Lifecycle
02-09 13:21:21.668  1684  1835 D ActivityManagerTiming: OnBootPhase_1000_com.android.server.healthconnect.HealthConnectManagerService
02-09 13:21:21.668  1684  1835 D ActivityManagerTiming: OnBootPhase_1000_com.android.server.devicelock.DeviceLockService
02-09 13:21:21.668  1684  1835 D ActivityManagerTiming: OnBootPhase_1000_com.android.server.SensitiveContentProtectionManagerService
02-09 13:21:21.673  1684  1835 V ActivityManagerTiming: TotalBootTime took to complete: 16927ms
02-09 13:21:21.702  1684  1835 I ActivityManager: User 0 state changed from BOOTING to RUNNING_LOCKED
02-09 13:21:21.724  1684  1844 I ActivityManager: Start proc 4333:android.ext.services/u0a178 for on-hold
02-09 13:21:21.724  1684  1844 I ActivityManager: ProcessObserver broadcast disabled
02-09 13:21:21.743  1684  1844 I ActivityManager: Start proc 4335:org.lineageos.mediatek.incallservice/1000 for broadcast {org.lineageos.mediatek.incallservice/org.lineageos.mediatek.incallservice.OnLockedBootCompleteReceiver}
02-09 13:21:21.750  1684  1844 I ActivityManager: ProcessObserver broadcast disabled
02-09 13:21:21.780  1684  1844 I ActivityManager: Start proc 4342:com.google.android.gms/u0a125 for service {com.google.android.gms/com.google.android.gms.chimera.GmsIntentOperationService}
02-09 13:21:21.780  1684  1844 I ActivityManager: ProcessObserver broadcast disabled
02-09 13:21:21.972  1684  1844 I ActivityManager: Start proc 4429:com.android.deskclock/u0a132 for broadcast {com.android.deskclock/com.android.deskclock.AlarmInitReceiver}
02-09 13:21:21.972  1684  1844 I ActivityManager: ProcessObserver broadcast disabled
02-09 13:21:22.247  1684  2066 W ActivityManager: Unable to start service Intent { act=com.google.android.chimera.BoundService.START dat=chimera-action: xflg=0x4 cmp=com.google.android.gms/.chimera.PersistentApiService } U=0: not found
02-09 13:21:22.256  1684  2066 W ActivityManager: Unbind failed: could not find connection for android.os.BinderProxy@ad21301
02-09 13:21:22.418  1684  1844 I ActivityManager: Start proc 4532:com.google.android.apps.wellbeing/u0a120 for broadcast {com.google.android.apps.wellbeing/com.google.android.apps.wellbeing.common.receiver.coalescedreceivers.LockedBootCompletedCoalescedBroadcast_Receiver}
02-09 13:21:22.419  1684  1844 I ActivityManager: ProcessObserver broadcast disabled
02-09 13:21:22.903  1684  1912 W ActivityManager: Unable to start service Intent { act=com.google.android.gms.phenotype.service.START xflg=0x4 pkg=com.google.android.gms } U=0: not found
02-09 13:21:22.903  1684  1912 W ActivityManager: Unbind failed: could not find connection for android.os.BinderProxy@deacc96
02-09 13:21:22.908  1684  1844 I ActivityManager: Start proc 4610:org.lineageos.settingsconfig/u0a166 for broadcast {org.lineageos.settingsconfig/org.lineageos.settingsconfig.BootReceiver}
02-09 13:21:22.909  1684  1844 I ActivityManager: ProcessObserver broadcast disabled
02-09 13:21:22.921  1684  1912 W ActivityManager: Unable to start service Intent { act=com.google.android.gms.phenotype.service.START xflg=0x4 pkg=com.google.android.gms } U=0: not found
02-09 13:21:22.921  1684  1912 W ActivityManager: Unbind failed: could not find connection for android.os.BinderProxy@3d1f5a5
02-09 13:21:23.026  1684  2066 W ActivityManager: Unable to start service Intent { flg=0x89000010 pkg=com.google.android.gms cmp=com.google.android.gms/.gcm.nts.SchedulerService (has extras) } U=0: not found
02-09 13:21:23.040  1684  2928 W ActivityManager: Unable to start service Intent { act=com.google.android.contextmanager.service.ContextManagerService.START xflg=0x4 pkg=com.google.android.gms } U=0: not found
02-09 13:21:23.040  1684  2928 W ActivityManager: Unbind failed: could not find connection for android.os.BinderProxy@1cfa092
02-09 13:21:23.073  1684  1789 W ActivityManager: Unable to start service Intent { act=com.google.android.chimera.BoundService.START dat=chimera-action: xflg=0x4 cmp=com.google.android.gms/.chimera.PersistentApiService } U=0: not found
02-09 13:21:23.102  1684  1912 W ActivityManager: Unbind failed: could not find connection for android.os.BinderProxy@e12508e
02-09 13:21:23.104  1684  1844 I ActivityManager: Start proc 4631:org.protonaosp.deviceconfig/u0a153 for broadcast {org.protonaosp.deviceconfig/org.protonaosp.deviceconfig.BootReceiver}
02-09 13:21:23.104  1684  1844 I ActivityManager: ProcessObserver broadcast disabled
02-09 13:21:23.921  1684  1844 I ActivityManager: Start proc 4684:android.process.acore/u0a80 for content provider {com.android.providers.blockednumber/com.android.providers.blockednumber.BlockedNumberProvider}
02-09 13:21:23.927  1684  1844 I ActivityManager: ProcessObserver broadcast disabled
02-09 13:21:24.064  1684  1844 I ActivityManager: Start proc 4703:com.mediatek.ims/1001 for service {com.mediatek.ims/com.mediatek.ims.MtkDynamicImsService}
02-09 13:21:24.065  1684  1844 I ActivityManager: ProcessObserver broadcast disabled
02-09 13:21:29.442  1684  2909 W ActivityManager: Receiver with filter android.content.IntentFilter@dcdab17 already registered for pid 2253, callerPackage is com.android.ons
02-09 13:21:29.955  1684  1897 W ActivityManager: Unable to start service Intent { act=com.google.android.chimera.BoundService.START dat=chimera-action: xflg=0x4 cmp=com.google.android.gms/.chimera.PersistentBoundBrokerService } U=0: not found
02-09 13:21:29.956  1684  1897 W ActivityManager: Unbind failed: could not find connection for android.os.BinderProxy@e6ed54d
02-09 13:21:29.957  1684  2066 W ActivityManager: Unable to start service Intent { act=com.google.android.gms.phenotype.service.START xflg=0x4 pkg=com.google.android.gms } U=0: not found
02-09 13:21:29.957  1684  1897 W ActivityManager: Unbind failed: could not find connection for android.os.BinderProxy@bc7802
02-09 13:21:29.959  1684  1897 W ActivityManager: Unable to start service Intent { act=com.google.android.chimera.BoundService.START dat=chimera-action: xflg=0x4 cmp=com.google.android.gms/.chimera.GmsApiService } U=0: not found
02-09 13:21:29.960  1684  1897 W ActivityManager: Unbind failed: could not find connection for android.os.BinderProxy@5be513
02-09 13:21:31.438  1684  3018 D ActivityManager: Started unlocking user 0
02-09 13:21:31.439  1684  3018 D ActivityManager: Unlocking user 0 progress 0
02-09 13:21:31.439  1684  3018 D ActivityManager: Unlocking user 0 progress 5
02-09 13:21:31.610  1684  1843 I ActivityManager: Waited long enough for: ServiceRecord{9eea2d5 u0 com.google.android.gms/.chimera.PersistentIntentOperationService c:com.google.android.gms}
02-09 13:21:31.731  1684  1832 I ActivityManager: User 0 state changed from RUNNING_LOCKED to RUNNING_UNLOCKING
02-09 13:21:31.731  1684  1832 D ActivityManager: Unlocking user 0 progress 20
02-09 13:21:31.732  1684  1843 D SystemServerTimingAsync: ssm.onUnlockingUser-0_com.android.server.am.ActivityManagerService$Lifecycle
02-09 13:21:31.786  1684  1844 I ActivityManager: Start proc 5225:android.process.media/u0a81 for content provider {com.android.providers.downloads/com.android.providers.downloads.DownloadProvider}
02-09 13:21:31.787  1684  1844 I ActivityManager: ProcessObserver broadcast disabled
02-09 13:21:31.818  1684  1844 I ActivityManager: Start proc 5228:com.android.providers.media.module/u0a171 for service {com.android.providers.media.module/com.android.providers.media.fuse.ExternalStorageServiceImpl}
02-09 13:21:31.819  1684  1844 I ActivityManager: ProcessObserver broadcast disabled
02-09 13:21:31.831  1684  1843 I ActivityManager: User 0 state changed from RUNNING_UNLOCKING to RUNNING_UNLOCKED
02-09 13:21:31.848  1684  1844 I ActivityManager: Start proc 5235:com.google.android.googlequicksearchbox:interactor/u0a127 for service {com.google.android.googlequicksearchbox/com.google.android.voiceinteraction.GsaVoiceInteractionService}
02-09 13:21:31.910  1684  1844 W ActivityManager: Slow operation: 106ms so far, now at startProcess: starting to update pids map
02-09 13:21:31.910  1684  1844 I ActivityManager: ProcessObserver broadcast disabled
02-09 13:21:31.910  1684  1844 W ActivityManager: Slow operation: 107ms so far, now at startProcess: done updating pids map
02-09 13:21:31.914  1684  1844 W ActivityManager: Slow operation: 95ms so far, now at startProcess: asking zygote to start proc
02-09 13:21:31.922  1684  1843 W BroadcastLoopers: Found previously unknown looper Thread[ActivityManager,5,main]
02-09 13:21:31.924  1684  1843 I ActivityManager: Posting BOOT_COMPLETED user #0
02-09 13:21:31.946  1684  1843 D SystemServerTimingAsync: ssm.onUnlockedUser-0_com.android.server.am.ActivityManagerService$Lifecycle
02-09 13:21:31.947  1684  1844 W ActivityManager: Slow operation: 131ms so far, now at startProcess: returned from zygote!
02-09 13:21:31.948  1684  1844 W ActivityManager: Slow operation: 131ms so far, now at startProcess: done updating battery stats
02-09 13:21:31.948  1684  1844 W ActivityManager: Slow operation: 132ms so far, now at startProcess: building log message
02-09 13:21:31.948  1684  1844 I ActivityManager: Start proc 5276:com.android.printspooler/u0a110 for service {com.android.printspooler/com.android.printspooler.model.PrintSpoolerService}
02-09 13:21:31.949  1684  1844 W ActivityManager: Slow operation: 133ms so far, now at startProcess: starting to update pids map
02-09 13:21:31.949  1684  1844 I ActivityManager: ProcessObserver broadcast disabled
02-09 13:21:31.949  1684  1844 W ActivityManager: Slow operation: 133ms so far, now at startProcess: done updating pids map
02-09 13:21:31.949  1684  1844 W ActivityManager: Slow operation: 102ms so far, now at startProcess: asking zygote to start proc
02-09 13:21:31.978  1684  1844 W ActivityManager: Slow operation: 132ms so far, now at startProcess: returned from zygote!
02-09 13:21:31.985  1684  1843 D HealthConnectBackupRestore: Performing user switch operations.
02-09 13:21:31.986  1684  1844 W ActivityManager: Slow operation: 140ms so far, now at startProcess: done updating battery stats
02-09 13:21:31.986  1684  1844 W ActivityManager: Slow operation: 140ms so far, now at startProcess: building log message
02-09 13:21:31.986  1684  1844 I ActivityManager: Start proc 5283:org.lineageos.audiofx/u0a155 for added application org.lineageos.audiofx
02-09 13:21:31.986  1684  1844 W ActivityManager: Slow operation: 140ms so far, now at startProcess: starting to update pids map
02-09 13:21:31.987  1684  1844 I ActivityManager: ProcessObserver broadcast disabled
02-09 13:21:31.987  1684  1844 W ActivityManager: Slow operation: 141ms so far, now at startProcess: done updating pids map
02-09 13:21:32.104  1684  1844 I ActivityManager: Start proc 5311:com.android.keychain/1000 for service {com.android.keychain/com.android.keychain.KeyChainService}
02-09 13:21:32.123  1684  1844 I ActivityManager: ProcessObserver broadcast disabled
02-09 13:21:32.123  1684  1844 W ActivityManager: Slow operation: 52ms so far, now at startProcess: done updating pids map
02-09 13:21:32.132  1684  5285 I HealthConnectBackupRestore: Attempt to schedule download timeout job with state: 0
02-09 13:21:32.132  1684  5285 I HealthConnectBackupRestore: Attempt to schedule staging timeout job with state: 0
02-09 13:21:32.132  1684  5285 I HealthConnectBackupRestore: Attempt to schedule merging timeout job with state: 0
02-09 13:21:32.399  1684  1912 W ActivityManager: Slow operation: 146ms so far, now at finishAttachApplicationInner: after mServices.attachApplicationLocked
02-09 13:21:32.399  1684  1912 W ActivityManager: Slow operation: 147ms so far, now at finishAttachApplicationInner: after dispatching broadcasts
02-09 13:21:32.668  1684  1844 I ActivityManager: Start proc 5415:com.google.android.googlequicksearchbox:googleapp/u0a127 for broadcast {com.google.android.googlequicksearchbox/com.google.android.googlequicksearchbox.SearchWidgetProvider}
02-09 13:21:32.675  1684  1844 I ActivityManager: ProcessObserver broadcast disabled
02-09 13:21:32.798  1684  1844 I ActivityManager: Start proc 5434:com.berdik.letmedowngrade/u0a245 for service {com.berdik.letmedowngrade/com.berdik.letmedowngrade.QuickTile}
02-09 13:21:32.802  1684  1844 I ActivityManager: ProcessObserver broadcast disabled
02-09 13:21:33.161  1684  5344 W ActivityManager: Appop Denial: Accessing service com.google.android.gms/com.google.android.location.internal.server.GoogleLocationService from pid=2313, uid=10125 requires appop COARSE_LOCATION
02-09 13:21:33.173  1684  2066 W ActivityManager: Appop Denial: Accessing service com.google.android.gms/com.google.android.location.internal.server.GoogleLocationService from pid=2313, uid=10125 requires appop COARSE_LOCATION
02-09 13:21:33.353  1684  5525 W ActivityManager: Appop Denial: Accessing service com.google.android.gms/com.google.android.location.internal.server.GoogleLocationService from pid=2313, uid=10125 requires appop COARSE_LOCATION
02-09 13:21:33.415  1684  2252 W ActivityManager: Appop Denial: Accessing service com.google.android.gms/com.google.android.location.internal.server.GoogleLocationService from pid=2313, uid=10125 requires appop COARSE_LOCATION
02-09 13:21:33.491  1684  2252 W ActivityManager: Appop Denial: Accessing service com.google.android.gms/com.google.android.location.internal.server.GoogleLocationService from pid=2313, uid=10125 requires appop COARSE_LOCATION
02-09 13:21:33.534  1684  1844 W ActivityManager: Slow operation: 125ms so far, now at startProcess: done updating battery stats
02-09 13:21:33.535  1684  1844 W ActivityManager: Slow operation: 125ms so far, now at startProcess: building log message
02-09 13:21:33.540  1684  1844 I ActivityManager: Start proc 5609:org.lineageos.profiles/u0a168 for service {org.lineageos.profiles/org.lineageos.profiles.ProfilesTrustAgent}
02-09 13:21:33.541  1684  1844 W ActivityManager: Slow operation: 131ms so far, now at startProcess: starting to update pids map
02-09 13:21:33.542  1684  1844 I ActivityManager: ProcessObserver broadcast disabled
02-09 13:21:33.542  1684  1844 W ActivityManager: Slow operation: 132ms so far, now at startProcess: done updating pids map
02-09 13:21:33.786  1684  5356 W ActivityManager: Appop Denial: Accessing service com.google.android.gms/com.google.android.location.internal.server.GoogleLocationService from pid=2313, uid=10125 requires appop COARSE_LOCATION
02-09 13:21:33.811  1684  5356 W ActivityManager: Appop Denial: Accessing service com.google.android.gms/com.google.android.location.internal.server.GoogleLocationService from pid=2313, uid=10125 requires appop COARSE_LOCATION
02-09 13:21:33.841  1684  2066 W ActivityManager: Appop Denial: Accessing service com.google.android.gms/com.google.android.location.internal.server.GoogleLocationService from pid=2313, uid=10125 requires appop COARSE_LOCATION
02-09 13:21:34.043  1684  5298 W ActivityManager: Appop Denial: Accessing service com.google.android.gms/com.google.android.location.internal.server.GoogleLocationService from pid=2313, uid=10125 requires appop COARSE_LOCATION
02-09 13:21:34.068  1684  2252 W ActivityManager: Appop Denial: Accessing service com.google.android.gms/com.google.android.location.internal.server.GoogleLocationService from pid=2313, uid=10125 requires appop COARSE_LOCATION
02-09 13:21:34.227  1684  5358 W ActivityManager: Appop Denial: Accessing service com.google.android.gms/com.google.android.location.internal.server.GoogleLocationService from pid=2313, uid=10125 requires appop COARSE_LOCATION
02-09 13:21:34.459  1684  1844 I ActivityManager: Start proc 5861:com.urbanvpn.android/u0a242 for service {com.urbanvpn.android/com.urbanvpn.android.vpn.service.UrbanSafeBrowsingService}
02-09 13:21:34.459  1684  1844 I ActivityManager: ProcessObserver broadcast disabled
02-09 13:21:34.664  1684  2247 W ActivityManager: Slow operation: 76ms so far, now at finishAttachApplicationInner: after mServices.attachApplicationLocked
02-09 13:21:34.683  1684  2247 W ActivityManager: Slow operation: 94ms so far, now at finishAttachApplicationInner: after dispatching broadcasts
02-09 13:21:34.819  1684  1844 I ActivityManager: Start proc 5969:com.android.imsserviceentitlement/u0a117 for broadcast {com.android.imsserviceentitlement/com.android.imsserviceentitlement.ImsEntitlementReceiver}
02-09 13:21:34.819  1684  1844 I ActivityManager: ProcessObserver broadcast disabled
02-09 13:21:34.844  1684  1844 I ActivityManager: Start proc 5970:com.google.android.syncadapters.calendar/u0a147 for service {com.google.android.syncadapters.calendar/com.google.android.syncadapters.calendar.CalendarSyncAdapterService}
02-09 13:21:34.844  1684  1844 I ActivityManager: ProcessObserver broadcast disabled
02-09 13:21:35.427  1684  1844 W ActivityManager: Slow operation: 69ms so far, now at startProcess: asking zygote to start proc
02-09 13:21:35.456  1684  1844 W ActivityManager: Slow operation: 98ms so far, now at startProcess: returned from zygote!
02-09 13:21:35.470  1684  1844 W ActivityManager: Slow operation: 112ms so far, now at startProcess: done updating battery stats
02-09 13:21:35.471  1684  1844 W ActivityManager: Slow operation: 112ms so far, now at startProcess: building log message
02-09 13:21:35.471  1684  1844 I ActivityManager: Start proc 6137:org.lineageos.lineageparts/1000 for broadcast {org.lineageos.lineageparts/org.lineageos.lineageparts.BootReceiver}
02-09 13:21:35.471  1684  1844 W ActivityManager: Slow operation: 112ms so far, now at startProcess: starting to update pids map
02-09 13:21:35.517  1684  1844 I ActivityManager: ProcessObserver broadcast disabled
02-09 13:21:35.517  1684  1844 W ActivityManager: Slow operation: 158ms so far, now at startProcess: done updating pids map
02-09 13:21:35.777  1684  1844 I ActivityManager: Start proc 6189:com.android.localtransport/1000 for service {com.android.localtransport/com.android.localtransport.LocalTransportService}
02-09 13:21:35.777  1684  1844 I ActivityManager: ProcessObserver broadcast disabled
02-09 13:21:35.980  1684  1844 I ActivityManager: Start proc 6245:com.facebook.katana/u0a215 for broadcast {com.facebook.katana/com.facebook.push.mqtt.receiver.BootCompleteBroadcastReceiver}
02-09 13:21:35.980  1684  1844 I ActivityManager: ProcessObserver broadcast disabled
02-09 13:21:36.599  1684  2735 I ActivityManager: Process org.lineageos.settingsconfig (pid 4610) has died: cch+55 CEM 
02-09 13:21:36.616  1684  1844 I ActivityManager: Start proc 6352:com.google.android.inputmethod.latin/u0a227 for service {com.google.android.inputmethod.latin/com.android.inputmethod.latin.LatinIME}
02-09 13:21:36.617  1684  1844 I ActivityManager: ProcessObserver broadcast disabled
02-09 13:21:37.029  1684  1844 W ActivityManager: Slow operation: 83ms so far, now at startProcess: done updating battery stats
02-09 13:21:37.029  1684  1844 W ActivityManager: Slow operation: 83ms so far, now at startProcess: building log message
02-09 13:21:37.030  1684  1844 I ActivityManager: Start proc 6396:com.google.android.googlequicksearchbox:search/u0a127 for service {com.google.android.googlequicksearchbox/com.google.frameworks.client.data.android.server.tiktok.assistant.SearchProcessEndpointService}
02-09 13:21:37.030  1684  1844 W ActivityManager: Slow operation: 83ms so far, now at startProcess: starting to update pids map
02-09 13:21:37.030  1684  1844 I ActivityManager: ProcessObserver broadcast disabled
02-09 13:21:37.030  1684  1844 W ActivityManager: Slow operation: 84ms so far, now at startProcess: done updating pids map
02-09 13:21:37.030  1684  2735 I ActivityManager: Process com.android.deskclock (pid 4429) has died: cch+45 CEM 
