02-09 13:21:37.039  1684  1843 I ActivityManager: reportOnUserCompletedEvent(0): stored=10, eligible=111
02-09 13:21:37.158  1684  2473 I ActivityManager: Process org.protonaosp.deviceconfig (pid 4631) has died: cch+45 CEM 
02-09 13:21:37.183  1684  3192 I ActivityManager: Process com.android.permissioncontroller (pid 2472) has died: cch+35 CEM 
02-09 13:21:37.201  1684  6410 D SystemServerTimingAsync: ssm.onCompletedEventUser-0_{|Unlocked|}_com.android.server.am.ActivityManagerService$Lifecycle
02-09 13:21:37.258  1684  5298 W ActivityManager: Appop Denial: Accessing service com.google.android.gms/com.google.android.location.internal.server.GoogleLocationService from pid=2313, uid=10125 requires appop COARSE_LOCATION
02-09 13:21:37.319  1684  1844 W ActivityManager: Slow operation: 52ms so far, now at startProcess: done updating battery stats
02-09 13:21:37.319  1684  1844 W ActivityManager: Slow operation: 53ms so far, now at startProcess: building log message
02-09 13:21:37.319  1684  1844 I ActivityManager: Start proc 6451:com.stevesoltys.seedvault/u0a164 for service {com.stevesoltys.seedvault/com.stevesoltys.seedvault.transport.ConfigurableBackupTransportService}
02-09 13:21:37.319  1684  1844 W ActivityManager: Slow operation: 53ms so far, now at startProcess: starting to update pids map
02-09 13:21:37.355  1684  1844 I ActivityManager: ProcessObserver broadcast disabled
02-09 13:21:37.355  1684  1844 W ActivityManager: Slow operation: 88ms so far, now at startProcess: done updating pids map
02-09 13:21:37.496  1684  1844 I ActivityManager: Start proc 6504:com.islam360/u0a217 for broadcast {com.islam360/com.islam360.localNotification.BootReceiver}
02-09 13:21:37.496  1684  1844 I ActivityManager: ProcessObserver broadcast disabled
02-09 13:21:37.504  1684  5344 I ActivityManager: Process com.android.cellbroadcastreceiver.module (pid 2910) has died: cch+35 CEM 
02-09 13:21:37.631  1684  5506 I ActivityManager: Process com.android.keychain (pid 5311) has died: cch+25 CEM 
02-09 13:21:37.755  1684  1788 W ActivityManager: Appop Denial: Accessing service com.google.android.gms/com.google.android.location.internal.server.GoogleLocationService from pid=2313, uid=10125 requires appop COARSE_LOCATION
02-09 13:21:37.795  1684  6422 I ActivityManager: Process com.android.dialer (pid 4283) has died: cch+25 CEM 
02-09 13:21:38.014  1684  1843 I ActivityManager: Waited long enough for: ServiceRecord{e88bef5 u0 com.google.android.gms/.gcm.GcmService c:com.google.android.gms}
02-09 13:21:38.184  1684  5525 W ActivityManager: Appop Denial: Accessing service com.google.android.gms/com.google.android.location.internal.server.GoogleLocationService from pid=2313, uid=10125 requires appop COARSE_LOCATION
02-09 13:21:38.245  1684  6422 I ActivityManager: Process com.android.imsserviceentitlement (pid 5969) has died: cch+15 CEM 
02-09 13:21:38.430  1684  5344 I ActivityManager: Process org.lineageos.lineageparts (pid 6137) has died: cch+15 CEM 
02-09 13:21:38.592  1684  2252 I ActivityManager: Process com.android.localtransport (pid 6189) has died: cch+5 CEM 
02-09 13:21:39.395  1684  1844 I ActivityManager: Start proc 6873:com.android.vending/u0a126 for service {com.android.vending/com.google.android.finsky.contentfilterui.ContentFiltersService}
02-09 13:21:39.395  1684  1844 I ActivityManager: ProcessObserver broadcast disabled
02-09 13:21:39.616  1684  2252 W ActivityManager: Appop Denial: Accessing service com.google.android.gms/com.google.android.location.internal.server.GoogleLocationService from pid=2313, uid=10125 requires appop COARSE_LOCATION
02-09 13:21:39.706  1684  5344 I ActivityManager: Process com.android.settings (pid 2258) has died: cch+5 CEM 
02-09 13:21:39.709  1684  1835 W ActivityManager: setHasOverlayUi called on unknown pid: 2258
02-09 13:21:39.884  1684  3018 I ActivityManager: Process com.facebook.katana (pid 6245) has died: cch+5 CEM 
02-09 13:21:39.926  1684  1844 I ActivityManager: Start proc 6977:com.facebook.katana/u0a215 for content provider {com.facebook.katana/com.facebook.platform.common.provider.PlatformProviderBase}
02-09 13:21:39.927  1684  1844 I ActivityManager: ProcessObserver broadcast disabled
02-09 13:21:40.279  1684  2473 I ActivityManager: Process com.stevesoltys.seedvault (pid 6451) has died: cch+5 CEM 
02-09 13:21:40.729  1684  3018 I ActivityManager: Process com.android.printspooler (pid 5276) has died: cch+5 CEM 
02-09 13:21:40.900  1684  1912 I ActivityManager: Process com.google.android.syncadapters.calendar (pid 5970) has died: cch+5 CEM 
02-09 13:21:41.026  1684  1844 I ActivityManager: Start proc 7188:com.google.android.projection.gearhead:shared/u0a121 for broadcast {com.google.android.projection.gearhead/com.google.android.apps.auto.wireless.bluetooth.WifiBluetoothReceiver}
02-09 13:21:41.027  1684  1844 I ActivityManager: ProcessObserver broadcast disabled
02-09 13:21:41.910  1684  1844 I ActivityManager: Start proc 7370:com.google.android.gms.unstable/u0a125 for service {com.google.android.gms/com.google.android.gms.chimera.UnstableInternalBoundBrokerService}
02-09 13:21:41.910  1684  1844 I ActivityManager: ProcessObserver broadcast disabled
02-09 13:21:42.726  1684  5353 I ActivityManager: Background started FGS: Allowed [callingPackage: com.google.android.apps.wellbeing; callingUid: 10120; uidState: TRNB; uidBFSL: n/a; intent: Intent { xflg=0x4 cmp=com.google.android.apps.wellbeing/com.google.apps.tiktok.concurrent.InternalForegroundService (has extras) }; code:BACKGROUND_ACTIVITY_PERMISSION; tempAllowListReason:<ff911cc com.google.android.apps.wellbeing.action.SCREEN_ON_OFF/u0,reasonCode:UNKNOWN,duration:20000,callingUid:10120>; allowWiu:58; targetSdkVersion:36; callerTargetSdkVersion:36; startForegroundCount:0; bindFromPackage:null: isBindService:false]
02-09 13:21:42.819  1684  5298 W ActivityManager: pid 4342 com.google.android.gms sent binder code 1 with flags 2 to frozen apps and got error -2147483646
02-09 13:21:43.492  1684  1844 I ActivityManager: Start proc 7694:com.android.permissioncontroller/u0a173 for service {com.android.permissioncontroller/com.android.permissioncontroller.permission.service.PermissionControllerServiceImpl}
02-09 13:21:43.492  1684  1844 I ActivityManager: ProcessObserver broadcast disabled
02-09 13:21:43.547  1684  1844 W ActivityManager: Slow operation: 93ms so far, now at startProcess: returned from zygote!
02-09 13:21:43.564  1684  1844 W ActivityManager: Slow operation: 111ms so far, now at startProcess: done updating battery stats
02-09 13:21:43.564  1684  1844 W ActivityManager: Slow operation: 111ms so far, now at startProcess: building log message
02-09 13:21:43.564  1684  1844 I ActivityManager: Start proc 7702:.adservices/u0a178 for broadcast {android.ext.services/com.android.adservices.service.common.AdExtBootCompletedReceiver}
02-09 13:21:43.571  1684  1844 W ActivityManager: Slow operation: 111ms so far, now at startProcess: starting to update pids map
02-09 13:21:43.579  1684  1844 I ActivityManager: ProcessObserver broadcast disabled
02-09 13:21:43.579  1684  1844 W ActivityManager: Slow operation: 125ms so far, now at startProcess: done updating pids map
02-09 13:21:44.124  1684  1844 I ActivityManager: Start proc 7818:com.android.contacts/u0a122 for broadcast {com.android.contacts/com.android.contacts.interactions.OnBootOrUpgradeReceiver}
02-09 13:21:44.124  1684  1844 I ActivityManager: ProcessObserver broadcast disabled
02-09 13:21:44.435  1684  1844 I ActivityManager: Start proc 7934:com.android.vending:background/u0a126 for service {com.android.vending/com.google.frameworks.client.data.android.server.play.BackgroundProcessEndpointService}
02-09 13:21:44.437  1684  1844 I ActivityManager: ProcessObserver broadcast disabled
02-09 13:21:44.526  1684  1844 I ActivityManager: Start proc 7944:com.android.devicediagnostics/u0a97 for broadcast {com.android.devicediagnostics/com.android.devicediagnostics.BootCompleteReceiver}
02-09 13:21:44.526  1684  1844 I ActivityManager: ProcessObserver broadcast disabled
02-09 13:21:44.936  1684  2247 I ActivityManager: Process com.google.android.projection.gearhead:shared (pid 7188) has died: cch+5 CEM 
02-09 13:21:44.999  1684  5525 I ActivityManager: Process com.facebook.katana (pid 6977) has died: cch+15 CEM 
02-09 13:21:45.132  1684  1844 I ActivityManager: Start proc 8061:com.android.dynsystem/1000 for broadcast {com.android.dynsystem/com.android.dynsystem.BootCompletedReceiver}
02-09 13:21:45.132  1684  1844 I ActivityManager: ProcessObserver broadcast disabled
02-09 13:21:45.366  1684  1844 I ActivityManager: Start proc 8124:com.android.federatedcompute.services/u0a181 for broadcast {com.android.federatedcompute.services/com.android.federatedcompute.services.FederatedComputeBroadcastReceiver}
02-09 13:21:45.368  1684  1844 I ActivityManager: ProcessObserver broadcast disabled
02-09 13:21:45.395  1684  1844 I ActivityManager: Start proc 8126:com.android.dynsystem:dynsystem/1000 for service {com.android.dynsystem/com.android.dynsystem.DynamicSystemInstallationService}
02-09 13:21:45.395  1684  1844 I ActivityManager: ProcessObserver broadcast disabled
02-09 13:21:45.668  1684  1844 I ActivityManager: Start proc 8208:com.android.healthconnect.controller/u0a187 for broadcast {com.android.healthconnect.controller/com.android.healthconnect.controller.safetycenter.SafetySourceBroadcastReceiver}
02-09 13:21:45.668  1684  1844 I ActivityManager: ProcessObserver broadcast disabled
02-09 13:21:45.976  1684  1844 I ActivityManager: Start proc 8245:com.android.managedprovisioning/u0a92 for broadcast {com.android.managedprovisioning/com.android.managedprovisioning.BootReminder}
02-09 13:21:45.979  1684  1844 I ActivityManager: ProcessObserver broadcast disabled
02-09 13:21:46.032  1684  1788 I ActivityManager: Process com.islam360 (pid 6504) has died: cch+5 CEM 
02-09 13:21:46.283  1684  1844 I ActivityManager: Start proc 8282:com.android.messaging/u0a134 for broadcast {com.android.messaging/com.android.messaging.receiver.BootAndPackageReplacedReceiver}
02-09 13:21:46.283  1684  1844 I ActivityManager: ProcessObserver broadcast disabled
02-09 13:21:46.791  1684  1844 I ActivityManager: Start proc 8315:com.android.ondevicepersonalization.services/u0a180 for broadcast {com.android.ondevicepersonalization.services/com.android.ondevicepersonalization.services.OnDevicePersonalizationBroadcastReceiver}
02-09 13:21:46.791  1684  1844 I ActivityManager: ProcessObserver broadcast disabled
02-09 13:21:47.063  1684  1844 I ActivityManager: Start proc 8330:com.android.packageinstaller/u0a94 for broadcast {com.android.packageinstaller/com.android.packageinstaller.common.TemporaryFileManager}
02-09 13:21:47.065  1684  1844 I ActivityManager: ProcessObserver broadcast disabled
02-09 13:21:47.244  1684  1897 I ActivityManager: Process com.android.vending:background (pid 7934) has died: cch+15 CEM 
02-09 13:21:47.245  1684  1897 W ActivityManager: Scheduling restart of crashed service com.android.vending/com.google.frameworks.client.data.android.server.play.BackgroundProcessEndpointService in 1000ms for connection
02-09 13:21:47.246  1684  1789 W ActivityManager: pid 6873 com.android.vending sent binder code 2 with flags 1 to frozen apps and got error -32
02-09 13:21:47.466  1684  1844 I ActivityManager: Start proc 8348:com.android.providers.calendar/u0a84 for broadcast {com.android.providers.calendar/com.android.providers.calendar.CalendarReceiver}
02-09 13:21:47.495  1684  1844 I ActivityManager: ProcessObserver broadcast disabled
02-09 13:21:47.495  1684  1844 W ActivityManager: Slow operation: 54ms so far, now at startProcess: done updating pids map
02-09 13:21:47.545  1684  1844 I ActivityManager: Start proc 8350:com.whatsapp/u0a249 for next-top-activity {com.whatsapp/com.whatsapp.Main}
02-09 13:21:47.545  1684  1844 I ActivityManager: ProcessObserver broadcast disabled
02-09 13:21:47.764  1684  1789 W ActivityManager: Appop Denial: Accessing service com.google.android.gms/com.google.android.location.internal.server.GoogleLocationService from pid=2313, uid=10125 requires appop COARSE_LOCATION
02-09 13:21:47.925  1684  1844 W ActivityManager: Slow operation: 57ms so far, now at startProcess: returned from zygote!
02-09 13:21:47.932  1684  1844 W ActivityManager: Slow operation: 64ms so far, now at startProcess: done updating battery stats
02-09 13:21:47.932  1684  1844 W ActivityManager: Slow operation: 65ms so far, now at startProcess: building log message
02-09 13:21:47.932  1684  1844 I ActivityManager: Start proc 8379:com.android.rkpdapp/u0a193 for broadcast {com.android.rkpdapp/com.android.rkpdapp.BootReceiver}
02-09 13:21:47.932  1684  1844 W ActivityManager: Slow operation: 65ms so far, now at startProcess: starting to update pids map
02-09 13:21:47.932  1684  1844 I ActivityManager: ProcessObserver broadcast disabled
02-09 13:21:47.932  1684  1844 W ActivityManager: Slow operation: 65ms so far, now at startProcess: done updating pids map
02-09 13:21:47.936  1684  1897 I ActivityManager: Process .adservices (pid 7702) has died: cch+95 CEM 
02-09 13:21:48.165  1684  3192 I ActivityManager: Process com.android.contacts (pid 7818) has died: cch+85 CEM 
02-09 13:21:48.255  1684  1789 I ActivityManager: Process com.android.devicediagnostics (pid 7944) has died: cch+45 CEM 
02-09 13:21:48.277  1684  3192 W ActivityManager: Appop Denial: Accessing service com.google.android.gms/com.google.android.location.internal.server.GoogleLocationService from pid=2313, uid=10125 requires appop COARSE_LOCATION
02-09 13:21:48.317  1684  1844 I ActivityManager: Start proc 8413:com.android.shell/2000 for broadcast {com.android.shell/com.android.shell.HeapDumpReceiver}
02-09 13:21:48.318  1684  1844 I ActivityManager: ProcessObserver broadcast disabled
02-09 13:21:48.583  1684  1844 I ActivityManager: Start proc 8446:com.android.statementservice/u0a82 for broadcast {com.android.statementservice/com.android.statementservice.domain.BootCompletedReceiver}
02-09 13:21:48.584  1684  1844 I ActivityManager: ProcessObserver broadcast disabled
02-09 13:21:48.715  1684  3192 I ActivityManager: Process com.android.dynsystem (pid 8061) has died: cch+45 CEM 
02-09 13:21:48.976  1684  1789 I ActivityManager: Process com.android.federatedcompute.services (pid 8124) has died: cch+35 CEM 
02-09 13:21:48.981  1684  1899 I ActivityManager: Process com.android.dynsystem:dynsystem (pid 8126) has died: cch+35 CEM 
02-09 13:21:48.983  1684  2928 I ActivityManager: Process com.android.managedprovisioning (pid 8245) has died: cch+25 CEM 
02-09 13:21:49.136  1684  1844 I ActivityManager: Start proc 8501:com.chiller3.bcr/u0a205 for broadcast {com.chiller3.bcr/com.chiller3.bcr.DirectBootMigrationReceiver}
02-09 13:21:49.142  1684  1844 I ActivityManager: ProcessObserver broadcast disabled
02-09 13:21:49.432  1684  3192 W ActivityManager: Unable to start service Intent { act=com.google.android.gms.lockbox.service.START xflg=0x4 pkg=com.google.android.gms } U=0: not found
02-09 13:21:49.433  1684  3192 W ActivityManager: Unbind failed: could not find connection for android.os.BinderProxy@be18321
02-09 13:21:49.453  1684  1844 I ActivityManager: Start proc 8538:com.google.android.apps.restore/u0a123 for broadcast {com.google.android.apps.restore/androidx.work.impl.background.systemalarm.RescheduleReceiver}
02-09 13:21:49.455  1684  1844 I ActivityManager: ProcessObserver broadcast disabled
02-09 13:21:49.655  1684  1788 I ActivityManager: Process com.android.ondevicepersonalization.services (pid 8315) has died: cch+15 CEM 
02-09 13:21:49.671  1684  3192 I ActivityManager: Process com.android.packageinstaller (pid 8330) has died: cch+15 CEM 
02-09 13:21:49.752  1684  5298 I ActivityManager: Process com.android.providers.calendar (pid 8348) has died: cch+5 CEM 
02-09 13:21:49.879  1684  2909 I ActivityManager: Process com.android.healthconnect.controller (pid 8208) has died: cch+25 CEM 
02-09 13:21:49.896  1684  1899 I ActivityManager: Process com.android.vending (pid 6873) has died: cch+5 CEM 
02-09 13:21:50.023  1684  5525 I ActivityManager: Process com.android.messaging (pid 8282) has died: cch+5 CEM 
02-09 13:21:50.138  1684  1899 I ActivityManager: Process com.android.shell (pid 8413) has died: cch+5 CEM 
02-09 13:21:50.223  1684  5356 W ActivityManager: Appop Denial: Accessing service com.google.android.gms/com.google.android.location.internal.server.GoogleLocationService from pid=2313, uid=10125 requires appop COARSE_LOCATION
02-09 13:21:50.237  1684  1912 W ActivityManager: Appop Denial: Accessing service com.google.android.gms/com.google.android.location.internal.server.GoogleLocationService from pid=2313, uid=10125 requires appop COARSE_LOCATION
02-09 13:21:50.417  1684  5483 W ActivityManager: Appop Denial: Accessing service com.google.android.gms/com.google.android.location.internal.server.GoogleLocationService from pid=2313, uid=10125 requires appop COARSE_LOCATION
02-09 13:21:50.438  1684  1844 I ActivityManager: Start proc 8602:com.google.android.gm.exchange/u0a144 for broadcast {com.google.android.gm.exchange/com.google.android.gm.exchange.UpgradeReceiver}
02-09 13:21:50.439  1684  1844 I ActivityManager: ProcessObserver broadcast disabled
02-09 13:21:50.554  1684  3018 W ActivityManager: Appop Denial: Accessing service com.google.android.gms/com.google.android.location.internal.server.GoogleLocationService from pid=2313, uid=10125 requires appop COARSE_LOCATION
02-09 13:21:50.580  1684  1897 W ActivityManager: Appop Denial: Accessing service com.google.android.gms/com.google.android.location.internal.server.GoogleLocationService from pid=2313, uid=10125 requires appop COARSE_LOCATION
02-09 13:21:50.608  1684  1844 I ActivityManager: Start proc 8618:com.google.android.partnersetup/u0a119 for broadcast {com.google.android.partnersetup/com.google.android.partnersetup.BootReceiver}
02-09 13:21:50.608  1684  1844 I ActivityManager: ProcessObserver broadcast disabled
02-09 13:21:50.715  1684  1844 I ActivityManager: Start proc 8630:com.wmods.wppenhacer/u0a248 for service {com.wmods.wppenhacer/com.wmods.wppenhacer.xposed.bridge.service.BridgeService}
02-09 13:21:50.715  1684  1844 I ActivityManager: ProcessObserver broadcast disabled
02-09 13:21:50.747  1684  5356 W ActivityManager: Appop Denial: Accessing service com.google.android.gms/com.google.android.location.internal.server.GoogleLocationService from pid=2313, uid=10125 requires appop COARSE_LOCATION
02-09 13:21:50.824  1684  1844 I ActivityManager: Start proc 8636:com.google.android.projection.gearhead:car/u0a121 for broadcast {com.google.android.projection.gearhead/com.google.android.apps.auto.carservice.frx.FrxReceiver}
02-09 13:21:50.824  1684  1844 I ActivityManager: ProcessObserver broadcast disabled
02-09 13:21:51.029  1684  1897 I ActivityManager: Process com.android.rkpdapp (pid 8379) has died: cch+5 CEM 
02-09 13:21:51.161  1684  1897 I ActivityManager: Process com.android.statementservice (pid 8446) has died: cch+5 CEM 
02-09 13:21:51.223  1684  1897 I ActivityManager: Process com.chiller3.bcr (pid 8501) has died: cch+5 CEM 
02-09 13:21:51.258  1684  1788 I ActivityManager: Process com.google.android.gm.exchange (pid 8602) has died: cch+5 CEM 
02-09 13:21:51.494  1684  1844 I ActivityManager: Start proc 8678:com.google.android.setupwizard/u0a163 for broadcast {com.google.android.setupwizard/com.google.android.setupwizard.pairing.PairingBootReceiver}
02-09 13:21:51.495  1684  1844 I ActivityManager: ProcessObserver broadcast disabled
02-09 13:21:51.951  1684  3018 W ActivityManager: Unable to start service Intent { act=com.google.android.gms.lockbox.service.START xflg=0x4 pkg=com.google.android.gms } U=0: not found
02-09 13:21:51.956  1684  5356 W ActivityManager: Unbind failed: could not find connection for android.os.BinderProxy@9ef836d
02-09 13:21:51.973  1684  3018 W ActivityManager: Unable to start service Intent { act=com.google.android.gms.lockbox.service.START xflg=0x4 pkg=com.google.android.gms } U=0: not found
02-09 13:21:51.974  1684  1844 I ActivityManager: Start proc 8704:com.google.android.tts/u0a142 for broadcast {com.google.android.tts/androidx.work.impl.background.systemalarm.RescheduleReceiver}
02-09 13:21:51.975  1684  1844 I ActivityManager: ProcessObserver broadcast disabled
02-09 13:21:51.975  1684  3018 W ActivityManager: Unbind failed: could not find connection for android.os.BinderProxy@1229033
02-09 13:21:52.050  1684  1788 I ActivityManager: Process com.google.android.apps.restore (pid 8538) has died: cch+5 CEM 
02-09 13:21:52.699  1684  1844 I ActivityManager: Start proc 8733:org.calyxos.backup.contacts/u0a133 for broadcast {org.calyxos.backup.contacts/org.calyxos.backup.contacts.StartBroadcastReceiver}
02-09 13:21:52.699  1684  1844 I ActivityManager: ProcessObserver broadcast disabled
02-09 13:21:52.934  1684  1897 I ActivityManager: Process com.google.android.projection.gearhead:car (pid 8636) has died: cch+5 CEM 
02-09 13:21:52.951  1684  1844 I ActivityManager: Start proc 8750:org.lineageos.updater/u0a160 for broadcast {org.lineageos.updater/org.lineageos.updater.UpdaterReceiver}
02-09 13:21:52.951  1684  1844 I ActivityManager: ProcessObserver broadcast disabled
02-09 13:21:53.172  1684  5356 I ActivityManager: Process com.google.android.partnersetup (pid 8618) has died: cch+5 CEM 
02-09 13:21:53.289  1684  1844 I ActivityManager: Start proc 8764:com.android.providers.calendar/u0a84 for broadcast {com.android.providers.calendar/com.android.providers.calendar.CalendarProviderBroadcastReceiver}
02-09 13:21:53.290  1684  1844 I ActivityManager: ProcessObserver broadcast disabled
02-09 13:21:53.686  1684  1844 I ActivityManager: Start proc 8797:ch.protonvpn.android/u0a241 for broadcast {ch.protonvpn.android/androidx.work.impl.background.systemalarm.RescheduleReceiver}
02-09 13:21:53.686  1684  1844 I ActivityManager: ProcessObserver broadcast disabled
02-09 13:21:54.232  1684  1788 I ActivityManager: Process com.google.android.setupwizard (pid 8678) has died: cch+5 CEM 
02-09 13:21:54.351  1684  8577 I ActivityManager: Process org.calyxos.backup.contacts (pid 8733) has died: cch+5 CEM 
02-09 13:21:54.741  1684  1844 I ActivityManager: Start proc 8876:com.facebook.katana/u0a215 for content provider {com.facebook.katana/com.facebook.katana.liteprovider.FirstPartyUserValuesLiteProvider}
02-09 13:21:54.743  1684  1844 I ActivityManager: ProcessObserver broadcast disabled
02-09 13:21:55.043  1684  1788 I ActivityManager: Process org.lineageos.updater (pid 8750) has died: cch+5 CEM 
02-09 13:21:55.093  1684  5506 I ActivityManager: Process com.google.android.tts (pid 8704) has died: cch+5 CEM 
02-09 13:21:55.239  1684  1844 I ActivityManager: Start proc 8925:com.google.android.syncadapters.calendar/u0a147 for service {com.google.android.syncadapters.calendar/com.google.android.syncadapters.calendar.CalendarSyncAdapterService}
02-09 13:21:55.239  1684  1844 I ActivityManager: ProcessObserver broadcast disabled
02-09 13:21:55.293  1684  1844 I ActivityManager: Start proc 8933:com.cloudflare.onedotonedotonedotone/u0a207 for broadcast {com.cloudflare.onedotonedotonedotone/com.cloudflare.app.vpnservice.autostart.BootCompletedReceiver}
02-09 13:21:55.293  1684  1844 I ActivityManager: ProcessObserver broadcast disabled
02-09 13:21:55.634  1684  1788 I ActivityManager: Process com.android.providers.calendar (pid 8764) has died: cch+25 CEM 
02-09 13:21:55.659  1684  1788 W ActivityManager: Unable to start service Intent { act=com.google.android.gms.lockbox.service.START xflg=0x4 pkg=com.google.android.gms } U=0: not found
02-09 13:21:55.661  1684  5298 W ActivityManager: Unbind failed: could not find connection for android.os.BinderProxy@d07012a
02-09 13:21:55.684  1684  5506 I ActivityManager: Process com.android.permissioncontroller (pid 7694) has died: cch+15 CEM 
02-09 13:21:55.832  1684  5344 I ActivityManager: Process ch.protonvpn.android (pid 8797) has died: cch+5 CEM 
02-09 13:21:55.850  1684  1845 I ActivityManager: Process PhantomProcessRecord {e86fc3a 8899:8797:logcat/u0a241} died
02-09 13:21:55.903  1684  5344 W ActivityManager: Unable to start service Intent { act=com.google.android.gms.lockbox.service.START xflg=0x4 pkg=com.google.android.gms } U=0: not found
02-09 13:21:55.904  1684  5344 W ActivityManager: Unbind failed: could not find connection for android.os.BinderProxy@49ef3d5
02-09 13:21:56.104  1684  1845 I ActivityManager: Process PhantomProcessRecord {5541584 9023:8925:/u0a147} died
02-09 13:21:56.520  1684  1835 I ActivityManager: updateOomAdj start time is before than pendingPid added, don't delete it
02-09 13:21:56.579  1684  1844 I ActivityManager: Start proc 9090:com.android.vending/u0a126 for service {com.android.vending/com.google.android.finsky.billing.iab.InAppBillingService}
02-09 13:21:56.580  1684  1844 I ActivityManager: ProcessObserver broadcast disabled
02-09 13:21:56.807  1684  1844 I ActivityManager: Start proc 9118:com.google.android.apps.docs/u0a200 for broadcast {com.google.android.apps.docs/com.google.android.apps.docs.drive.androiddesktop.EntrypointConfigurationBroadcastReceiver}
02-09 13:21:56.807  1684  1844 I ActivityManager: ProcessObserver broadcast disabled
02-09 13:21:56.882  1684  1912 I ActivityManager: Process com.google.android.syncadapters.calendar (pid 8925) has died: cch+5 CEM 
02-09 13:21:57.405  1684  1788 I ActivityManager: Process com.google.android.googlequicksearchbox:googleapp (pid 5415) has died: cch CACC
02-09 13:21:57.434  1684  1788 W ActivityManager: Scheduling restart of crashed service com.google.android.googlequicksearchbox/com.google.android.apps.gsa.nowoverlayservice.DrawerOverlayService in 10000ms for connection
02-09 13:21:57.485  1684  1844 W ActivityManager: Slow operation: 95ms so far, now at startProcess: done updating battery stats
02-09 13:21:57.490  1684  1844 W ActivityManager: Slow operation: 128ms so far, now at startProcess: building log message
02-09 13:21:57.490  1684  1844 I ActivityManager: Start proc 9172:com.android.permissioncontroller/u0a173 for service {com.android.permissioncontroller/com.android.permissioncontroller.permission.service.PermissionControllerServiceImpl}
02-09 13:21:57.490  1684  1844 W ActivityManager: Slow operation: 128ms so far, now at startProcess: starting to update pids map
02-09 13:21:57.511  1684  1844 I ActivityManager: ProcessObserver broadcast disabled
02-09 13:21:57.511  1684  1844 W ActivityManager: Slow operation: 150ms so far, now at startProcess: done updating pids map
02-09 13:21:57.656  1684  1788 I ActivityManager: Process com.cloudflare.onedotonedotonedotone (pid 8933) has died: cch+5 CEM 
02-09 13:21:57.693  1684  1835 W ActivityManager: setHasOverlayUi called on unknown pid: 5415
02-09 13:21:58.704  1684  1844 I ActivityManager: Start proc 9324:com.google.android.apps.nbu.files/u0a234 for broadcast {com.google.android.apps.nbu.files/com.google.android.apps.nbu.files.gateway.pdf.EnablePdfPreviewActivityReceiver_Receiver}
02-09 13:21:58.704  1684  1844 I ActivityManager: ProcessObserver broadcast disabled
02-09 13:21:59.203  1684  1844 I ActivityManager: Start proc 9351:com.android.vending:background/u0a126 for service {com.android.vending/com.google.frameworks.client.data.android.server.play.BackgroundProcessEndpointService}
02-09 13:21:59.203  1684  1844 I ActivityManager: ProcessObserver broadcast disabled
02-09 13:21:59.542  1684  5506 I ActivityManager: Process com.google.android.apps.docs (pid 9118) has died: cch+5 CEM 
02-09 13:21:59.567  1684  1844 I ActivityManager: Start proc 9397:com.google.android.gm/u0a202 for broadcast {com.google.android.gm/com.google.android.gm.GoogleMailDeviceStartupReceiver}
02-09 13:21:59.568  1684  1844 I ActivityManager: ProcessObserver broadcast disabled
02-09 13:21:59.676  1684  1835 I ActivityManager: updateOomAdj start time is before than pendingPid added, don't delete it
02-09 13:21:59.987  1684  2928 I ActivityManager: Process com.google.android.gms.unstable (pid 7370) has died: cch+5 CEM 
02-09 13:22:00.538  1684  1844 I ActivityManager: Start proc 9484:com.google.android.googlequicksearchbox:googleapp/u0a127 for service {com.google.android.googlequicksearchbox/com.google.android.apps.gsa.nowoverlayservice.DrawerOverlayService}
02-09 13:22:00.538  1684  1844 I ActivityManager: ProcessObserver broadcast disabled
02-09 13:22:01.115  1684  1844 I ActivityManager: Start proc 9525:com.google.android.youtube/u0a201 for broadcast {com.google.android.youtube/com.google.android.libraries.youtube.mdx.background.MdxBackgroundScanBootReceiver}
02-09 13:22:01.126  1684  1844 I ActivityManager: ProcessObserver broadcast disabled
02-09 13:22:01.297  1684  1842 W ActivityManager: pid 1684 system sent binder code 2 with flags 1 to frozen apps and got error -32
02-09 13:22:01.894  1684  5483 I ActivityManager: Process android.process.media (pid 5225) has died: cch+65 CEM 
02-09 13:22:02.007  1684  1844 I ActivityManager: Start proc 9605:com.termux/u0a238 for broadcast {com.termux/com.termux.app.TermuxBootReceiver}
02-09 13:22:02.007  1684  1844 I ActivityManager: ProcessObserver broadcast disabled
02-09 13:22:02.353  1684  1844 I ActivityManager: Start proc 9647:com.tradingview.tradingviewapp/u0a222 for broadcast {com.tradingview.tradingviewapp/com.tradingview.tradingviewapp.feature.newswidget.impl.pager.view.NewsPagerWidgetProvider}
02-09 13:22:02.354  1684  1844 I ActivityManager: ProcessObserver broadcast disabled
02-09 13:22:02.852  1684  5483 I ActivityManager: Process com.android.vending:background (pid 9351) has died: cch+15 CEM 
02-09 13:22:02.853  1684  5483 W ActivityManager: Scheduling restart of crashed service com.android.vending/com.google.frameworks.client.data.android.server.play.BackgroundProcessEndpointService in 1000ms for connection
02-09 13:22:02.858  1684  5525 W ActivityManager: pid 9090 com.android.vending sent binder code 2 with flags 1 to frozen apps and got error -32
02-09 13:22:03.003  1684  2247 I ActivityManager: Process com.google.android.apps.nbu.files (pid 9324) has died: cch+55 CEM 
02-09 13:22:03.224  1684  1844 I ActivityManager: Start proc 9739:org.lsposed.manager/2000 for next-top-activity {com.android.shell/com.android.shell.BugreportWarningActivity}
02-09 13:22:03.239  1684  1844 I ActivityManager: ProcessObserver broadcast disabled
02-09 13:22:03.239  1684  1844 W ActivityManager: Slow operation: 56ms so far, now at startProcess: done updating pids map
02-09 13:22:05.189  1684  1844 I ActivityManager: Start proc 9909:no.smartok.regnskap/u0a226 for broadcast {no.smartok.regnskap/com.onesignal.notifications.receivers.BootUpReceiver}
02-09 13:22:05.189  1684  1844 I ActivityManager: ProcessObserver broadcast disabled
02-09 13:22:05.328  1684  1844 I ActivityManager: Start proc 9924:com.android.webview:sandboxed_process0:org.chromium.content.app.SandboxedProcessService0:0/u0ai9000 for  {com.tradingview.tradingviewapp/org.chromium.content.app.SandboxedProcessService0:0}
02-09 13:22:05.328  1684  1844 I ActivityManager: ProcessObserver broadcast disabled
02-09 13:22:05.927  1684  1844 I ActivityManager: Start proc 9966:com.android.webview:webview_service/u0a149 for service {com.android.webview/org.chromium.android_webview.services.ComponentsProviderService}
02-09 13:22:05.927  1684  1844 I ActivityManager: ProcessObserver broadcast disabled
02-09 13:22:06.074  1684  1844 I ActivityManager: Start proc 9974:com.android.photopicker/u0a170 for broadcast {com.android.photopicker/com.android.photopicker.PhotopickerDeviceConfigReceiver}
02-09 13:22:06.074  1684  1844 I ActivityManager: ProcessObserver broadcast disabled
02-09 13:22:06.414  1684  1844 I ActivityManager: Start proc 10011:com.android.externalstorage/u0a98 for broadcast {com.android.externalstorage/com.android.externalstorage.MountReceiver}
02-09 13:22:06.414  1684  1844 I ActivityManager: ProcessObserver broadcast disabled
02-09 13:22:06.602  1684  1844 I ActivityManager: Start proc 10032:com.google.android.apps.photos/u0a204 for broadcast {com.google.android.apps.photos/com.google.android.apps.photos.sdcard.envcache.ExternalStorageStateChangeBroadcastReceiver}
02-09 13:22:06.603  1684  1844 I ActivityManager: ProcessObserver broadcast disabled
02-09 13:22:07.142  1684  8577 I ActivityManager: Process com.termux (pid 9605) has died: cch+35 CEM 
02-09 13:22:07.342  1684  8577 I ActivityManager: Process com.google.android.gm (pid 9397) has died: cch+25 CEM 
02-09 13:22:07.628  1684  1844 I ActivityManager: Start proc 10100:com.whatsapp.w4b/u0a228 for broadcast {com.whatsapp.w4b/com.whatsapp.media.ExternalMediaManager$ExternalMediaStateReceiver}
02-09 13:22:07.629  1684  1844 I ActivityManager: ProcessObserver broadcast disabled
02-09 13:22:08.228  1684  6422 I ActivityManager: Process com.tradingview.tradingviewapp (pid 9647) has died: cch+95 CEM 
02-09 13:22:08.266  1684  3192 I ActivityManager: Killing 9924:com.android.webview:sandboxed_process0:org.chromium.content.app.SandboxedProcessService0:0/u0a222i0 (adj 0): isolated not needed
02-09 13:22:08.549  1684  2247 I ActivityManager: Process no.smartok.regnskap (pid 9909) has died: cch+85 CEM 
02-09 13:22:09.677  1684  6422 I ActivityManager: Process com.wmods.wppenhacer (pid 8630) has died: cch+65 SVC 
02-09 13:22:09.678  1684  6422 W ActivityManager: Scheduling restart of crashed service com.wmods.wppenhacer/.xposed.bridge.service.BridgeService in 20000ms for connection
02-09 13:22:10.206  1684  1844 I ActivityManager: Start proc 10225:com.android.vending:background/u0a126 for service {com.android.vending/com.google.frameworks.client.data.android.server.play.BackgroundProcessEndpointService}
02-09 13:22:10.206  1684  1844 I ActivityManager: ProcessObserver broadcast disabled
02-09 13:22:10.300  1684  3192 I ActivityManager: Process com.whatsapp (pid 8350) has died: cch+55 SVC 
02-09 13:22:10.305  1684  3192 W ActivityManager: Scheduling restart of crashed service com.whatsapp/.messageservice.messaging.MessageService in 20000ms for start-requested
02-09 13:22:10.308  1684  1835 W ActivityManager: setHasOverlayUi called on unknown pid: 8350
02-09 13:22:11.135  1684  1844 I ActivityManager: Start proc 10299:com.wmods.wppenhacer/u0a248 for service {com.wmods.wppenhacer/com.wmods.wppenhacer.xposed.bridge.service.BridgeService}
02-09 13:22:11.135  1684  1844 I ActivityManager: ProcessObserver broadcast disabled
02-09 13:22:11.452  1684 10228 I ActivityManager: Process com.android.photopicker (pid 9974) has died: cch+45 CEM 
02-09 13:22:12.674  1684  1842 W ActivityManager: Rescheduling restart of crashed service com.whatsapp/.messageservice.messaging.MessageService in 0ms for mem-pressure-event
02-09 13:22:12.694  1684  1844 I ActivityManager: Start proc 10327:com.whatsapp/u0a249 for service {com.whatsapp/com.whatsapp.messageservice.messaging.MessageService}
02-09 13:22:12.695  1684  1844 I ActivityManager: ProcessObserver broadcast disabled
02-09 13:22:13.886  1684  1843 I ActivityManager: Force stopping com.whatsapp appid=10249 user=-1: clearApplicationProfileData
02-09 13:22:13.892  1684  1843 I ActivityManager: Killing 10327:com.whatsapp/u0a249 (adj 0): stop com.whatsapp due to clearApplicationProfileData
02-09 13:22:13.897  1684  1843 I ActivityManager:   Force stopping service ServiceRecord{e9e37cf u0 com.whatsapp/.messageservice.messaging.MessageService c:com.whatsapp}
02-09 13:22:13.975  1684  3192 V ActivityManager: Got obituary of 10327:com.whatsapp
02-09 13:22:14.251  1684  1844 I ActivityManager: Start proc 10401:com.android.settings/1000 for broadcast {com.android.settings/com.android.settings.fuelgauge.batteryusage.BatteryUsageBroadcastReceiver}
02-09 13:22:14.252  1684  1844 I ActivityManager: ProcessObserver broadcast disabled
02-09 13:22:14.769  1684  1844 I ActivityManager: Start proc 10430:com.facebook.katana:fdidsync/u0a215 for broadcast {com.facebook.katana/com.facebook.fdidlite.FDIDSyncLiteReceiver}
02-09 13:22:14.770  1684  1844 I ActivityManager: ProcessObserver broadcast disabled
02-09 13:22:15.019  1684  1832 I ActivityManager: Finished processing BOOT_COMPLETED for u0
02-09 13:22:28.428  1684  1844 I ActivityManager: Start proc 10566:com.whatsapp/u0a249 for next-top-activity {com.whatsapp/com.whatsapp.Main}
02-09 13:22:28.434  1684  1844 I ActivityManager: ProcessObserver broadcast disabled
02-09 13:22:28.914  1684  1844 I ActivityManager: Start proc 10586:com.cloudflare.onedotonedotonedotone/u0a207 for service {com.cloudflare.onedotonedotonedotone/com.google.android.datatransport.runtime.scheduling.jobscheduling.JobInfoSchedulerService}
02-09 13:22:28.914  1684  1844 I ActivityManager: ProcessObserver broadcast disabled
02-09 13:22:28.931  1684  1844 I ActivityManager: Start proc 10587:no.smartok.regnskap/u0a226 for service {no.smartok.regnskap/androidx.work.impl.background.systemjob.SystemJobService}
02-09 13:22:28.931  1684  1844 I ActivityManager: ProcessObserver broadcast disabled
02-09 13:22:30.969  1684  1843 I ActivityManager: Waited long enough for: ServiceRecord{d38655d u0 com.whatsapp.w4b/com.whatsapp.messageservice.messaging.MessageService c:com.whatsapp.w4b}
02-09 13:22:34.247  1684  5356 I ActivityManager: Background started FGS: Allowed [callingPackage: com.google.android.apps.wellbeing; callingUid: 10120; uidState: RCVR; uidBFSL: n/a; intent: Intent { xflg=0x4 cmp=com.google.android.apps.wellbeing/com.google.apps.tiktok.concurrent.InternalForegroundService (has extras) }; code:BACKGROUND_ACTIVITY_PERMISSION; tempAllowListReason:<null>; allowWiu:58; targetSdkVersion:36; callerTargetSdkVersion:36; startForegroundCount:0; bindFromPackage:null: isBindService:false]
02-09 13:22:41.480  1684  1844 I ActivityManager: Start proc 10817:com.tradingview.tradingviewapp/u0a222 for service {com.tradingview.tradingviewapp/androidx.work.impl.background.systemjob.SystemJobService}
02-09 13:22:41.480  1684  1844 I ActivityManager: ProcessObserver broadcast disabled
02-09 13:22:41.558  1684  1844 I ActivityManager: Start proc 10827:com.android.DeviceAsWebcam/1000 for broadcast {com.android.DeviceAsWebcam/com.android.deviceaswebcam.DeviceAsWebcamReceiverImpl}
02-09 13:22:41.559  1684  1844 I ActivityManager: ProcessObserver broadcast disabled
02-09 13:22:41.753  1684  1844 I ActivityManager: Start proc 10847:android.process.media/u0a81 for broadcast {com.android.mtp/com.android.mtp.MtpReceiver}
02-09 13:22:41.753  1684  1844 I ActivityManager: ProcessObserver broadcast disabled
02-09 13:22:43.191  1684  8577 I ActivityManager: Process com.android.webview:webview_service (pid 9966) has died: cch+95 CEM 
02-09 13:22:43.380  1684  1844 I ActivityManager: Start proc 10933:com.android.webview:sandboxed_process0:org.chromium.content.app.SandboxedProcessService0:0/u0i1 for  {com.tradingview.tradingviewapp/org.chromium.content.app.SandboxedProcessService0:0}
02-09 13:22:43.381  1684  1844 I ActivityManager: ProcessObserver broadcast disabled
02-09 13:22:43.733  1684  1844 I ActivityManager: Start proc 10958:com.android.webview:webview_service/u0a149 for service {com.android.webview/org.chromium.android_webview.services.ComponentsProviderService}
02-09 13:22:43.733  1684  1844 I ActivityManager: ProcessObserver broadcast disabled
02-09 13:22:48.439  1684  1844 I ActivityManager: Start proc 11041:com.android.vending:com.google.android.finsky.verifier.apkanalysis.service.ApkContentsScanService/u0i2 for service {com.android.vending/com.google.android.finsky.verifier.apkanalysis.service.ApkContentsScanService}
02-09 13:22:48.439  1684  1844 I ActivityManager: ProcessObserver broadcast disabled
02-09 13:22:48.731  1684  5356 I ActivityManager: Process com.android.externalstorage (pid 10011) has died: cch+75 CEM 
02-09 13:22:48.762  1684  2735 I ActivityManager: Process android.process.acore (pid 4684) has died: cch+65 CEM 
02-09 13:22:49.372  1684  8567 I ActivityManager: Killing 11041:com.android.vending:com.google.android.finsky.verifier.apkanalysis.service.ApkContentsScanService/u0a126i2 (adj 0): isolated not needed
02-09 13:22:52.695  1684  1843 I ActivityManager: Force stopping com.wmods.wppenhacer appid=10248 user=-1: installPackageLI
02-09 13:22:52.697  1684  1843 I ActivityManager: Killing 10299:com.wmods.wppenhacer/u0a248 (adj 800): stop com.wmods.wppenhacer due to installPackageLI
02-09 13:22:52.735  1684 10078 V ActivityManager: Got obituary of 10299:com.wmods.wppenhacer
02-09 13:22:52.760  1684  1865 I ActivityManager: Force stopping com.wmods.wppenhacer appid=10248 user=0: pkg removed
02-09 13:22:52.880  1684  1844 I ActivityManager: Start proc 11076:com.android.keychain/1000 for service {com.android.keychain/com.android.keychain.KeyChainService}
02-09 13:22:52.880  1684  1844 I ActivityManager: ProcessObserver broadcast disabled
02-09 13:22:57.740  1684  8567 W ActivityManager: Removing FLAG_RECEIVER_FROM_SHELL because caller is UID 1000
02-09 13:22:57.745  1684  8567 W ActivityManager: Removing FLAG_RECEIVER_FROM_SHELL because caller is UID 1000
02-09 13:23:27.216  1684  1844 I ActivityManager: Start proc 11267:android.process.acore/u0a80 for content provider {com.android.providers.contacts/com.android.providers.contacts.ContactsProvider2}
02-09 13:23:27.216  1684  1844 I ActivityManager: ProcessObserver broadcast disabled
02-09 13:23:27.231  1684  1844 I ActivityManager: Start proc 11268:com.google.android.apps.restore/u0a123 for service {com.google.android.apps.restore/com.google.android.apps.pixelmigrate.migrate.ios.appdatareader.AppDataReaderService}
02-09 13:23:27.233  1684  1844 I ActivityManager: ProcessObserver broadcast disabled
02-09 13:23:27.627 10566 10566 I LSPosed-Bridge: BackupRestore: [SPY] startActivity: com.whatsapp.backup.google.RestoreFromBackupActivity
02-09 13:23:27.627 10566 10566 I LSPosed-Bridge: BackupRestore: [SPY] Action: action_show_restore_one_time_setup
02-09 13:23:27.646  1684  2252 I ActivityTaskManager: START u0 {act=action_show_restore_one_time_setup xflg=0x4 cmp=com.whatsapp/.backup.google.RestoreFromBackupActivity} with LAUNCH_SINGLE_TOP from uid 10249 (rr=218495170) (BAL_ALLOW_VISIBLE_WINDOW) result code=0
02-09 13:23:27.672 10566 10566 I LSPosed-Bridge: BackupRestore: [TRACE] RestoreFromBackupActivity.onCreate()
02-09 13:23:27.672 10566 10566 I LSPosed-Bridge: BackupRestore: [TRACE] RestoreFromBackupActivity.AWy()
02-09 13:23:27.703 10566 10566 I LSPosed-Bridge: BackupRestore: [TRACE] RestoreFromBackupActivity.AWz()
02-09 13:23:27.703 10566 10566 I LSPosed-Bridge: BackupRestore: [TRACE] RestoreFromBackupActivity.AWy()
02-09 13:23:27.703 10566 10566 I LSPosed-Bridge: BackupRestore: [TRACE] RestoreFromBackupActivity.AWz()
02-09 13:23:27.826 10566 10566 I LSPosed-Bridge: BackupRestore: [TRACE] RestoreFromBackupActivity.setTitle()
02-09 13:23:27.831 10566 10566 E LSPosed-Bridge: 	at com.wmods.wppenhacer.xposed.features.others.BackupRestore$5.beforeHookedMethod(BackupRestore.java:154)
02-09 13:23:27.831 10566 10566 E LSPosed-Bridge: 	at com.whatsapp.backup.google.RestoreFromBackupActivity.onCreate(:448)
02-09 13:23:27.831 10566 10566 I LSPosed-Bridge: BackupRestore: [TRACE] RestoreFromBackupActivity.onNewIntent()
02-09 13:23:27.835 10566 10566 E LSPosed-Bridge: 	at com.wmods.wppenhacer.xposed.features.others.BackupRestore$5.beforeHookedMethod(BackupRestore.java:154)
02-09 13:23:27.835 10566 10566 E LSPosed-Bridge: 	at com.whatsapp.backup.google.RestoreFromBackupActivity.onNewIntent(:127)
02-09 13:23:27.835 10566 10566 E LSPosed-Bridge: 	at com.whatsapp.backup.google.RestoreFromBackupActivity.onCreate(:781)
02-09 13:23:27.839 10566 10566 I LSPosed-Bridge: BackupRestore: [SPY] onCreate: RestoreFromBackupActivity
02-09 13:23:27.854  1684  9173 D CoreBackPreview: Window{513f0ed u0 com.whatsapp/com.whatsapp.backup.google.RestoreFromBackupActivity}: Setting back callback OnBackInvokedCallbackInfo{mCallback=android.window.IOnBackInvokedCallback$Stub$Proxy@6c48b70, mPriority=0, mIsAnimationCallback=false, mOverrideBehavior=0}
02-09 13:23:27.872  1684  1832 I ActivityTaskManager: Displayed com.whatsapp/.backup.google.RestoreFromBackupActivity for user 0: +231ms
02-09 13:23:27.879 10566 10566 I LSPosed-Bridge: BackupRestore: [TRACE] RestoreFromBackupActivity.onCreateOptionsMenu()
02-09 13:23:32.164 10566 10566 I LSPosed-Bridge: BackupRestore: [TRACE] RestoreFromBackupActivity.A59()
02-09 13:23:32.164 10566 10566 E LSPosed-Bridge: 	at com.wmods.wppenhacer.xposed.features.others.BackupRestore$5.beforeHookedMethod(BackupRestore.java:154)
02-09 13:23:32.164 10566 10566 E LSPosed-Bridge: 	at com.whatsapp.backup.google.RestoreFromBackupActivity.A59(:20)
02-09 13:23:32.165 10566 10566 I LSPosed-Bridge: BackupRestore: [TRACE] RestoreFromBackupActivity.A5A()
02-09 13:23:32.165 10566 10566 E LSPosed-Bridge: 	at com.wmods.wppenhacer.xposed.features.others.BackupRestore$5.beforeHookedMethod(BackupRestore.java:154)
02-09 13:23:32.165 10566 10566 E LSPosed-Bridge: 	at com.whatsapp.backup.google.RestoreFromBackupActivity.A5A(:18)
02-09 13:23:32.165 10566 10566 E LSPosed-Bridge: 	at com.whatsapp.backup.google.RestoreFromBackupActivity.A59(:43)
02-09 13:23:32.165 10566 10566 I LSPosed-Bridge: BackupRestore: [TRACE] RestoreFromBackupActivity.A1E()
02-09 13:23:32.166 10566 10566 E LSPosed-Bridge: 	at com.wmods.wppenhacer.xposed.features.others.BackupRestore$5.beforeHookedMethod(BackupRestore.java:154)
02-09 13:23:32.166 10566 10566 E LSPosed-Bridge: 	at com.whatsapp.backup.google.RestoreFromBackupActivity.A1E(:14)
02-09 13:23:32.166 10566 10566 E LSPosed-Bridge: 	at com.whatsapp.backup.google.RestoreFromBackupActivity.A59(:50)
02-09 13:23:32.167 10566 10566 E LSPosed-Bridge: 	at com.wmods.wppenhacer.xposed.features.others.BackupRestore$5.beforeHookedMethod(BackupRestore.java:154)
02-09 13:23:32.167 10566 10566 E LSPosed-Bridge: 	at com.whatsapp.backup.google.RestoreFromBackupActivity.A1E(:68)
02-09 13:23:32.167 10566 10566 E LSPosed-Bridge: 	at com.whatsapp.backup.google.RestoreFromBackupActivity.A59(:50)
02-09 13:23:32.170 10566 10566 I LSPosed-Bridge: BackupRestore: [SPY] startActivity: com.whatsapp.backup.google.RestoreTransferSelectorActivity
02-09 13:23:32.170 10566 10566 I LSPosed-Bridge: BackupRestore: [SPY] Action: null
02-09 13:23:32.170 10566 10566 I LSPosed-Bridge: BackupRestore: [SPY] Extra: backup_account = iammubasharhussain@gmail.com
02-09 13:23:32.170 10566 10566 I LSPosed-Bridge: BackupRestore: [SPY] Extra: _ci_ = PendingIntent{9b4da11: android.os.BinderProxy@6983776}
02-09 13:23:32.170 10566 10566 I LSPosed-Bridge: BackupRestore: [SPY] Extra: backup_size = 125330381
02-09 13:23:32.171 10566 10566 I LSPosed-Bridge: BackupRestore: [SPY] Extra: backup_time = 1769667799000
02-09 13:23:32.297 10566 10566 I LSPosed-Bridge: BackupRestore: [SPY] onCreate: RestoreTransferSelectorActivity
02-09 13:23:32.672 10566 10792 I LSPosed-Bridge: BackupRestore: [TRACE] RestoreFromBackupActivity.A58()
02-09 13:23:32.865 10566 10566 D VRI[RestoreFromBackupActivity]: visibilityChanged oldVisibility=true newVisibility=false
02-09 13:23:32.888 10566 10566 I LSPosed-Bridge: BackupRestore: [TRACE] RestoreFromBackupActivity.onSaveInstanceState()
02-09 13:23:34.697  1684  1843 W ActivityManager: Stopping service due to app idle: u0a228 -1m18s732ms com.whatsapp.w4b/com.whatsapp.messageservice.messaging.MessageService
02-09 13:23:37.413 10566 10566 I LSPosed-Bridge: BackupRestore: [TRACE] RestoreFromBackupActivity.onActivityResult()
02-09 13:23:37.414 10566 10566 I LSPosed-Bridge: BackupRestore: [TRACE] RestoreFromBackupActivity.A5A()
02-09 13:23:37.415 10566 10566 E LSPosed-Bridge: 	at com.wmods.wppenhacer.xposed.features.others.BackupRestore$5.beforeHookedMethod(BackupRestore.java:154)
02-09 13:23:37.415 10566 10566 E LSPosed-Bridge: 	at com.whatsapp.backup.google.RestoreFromBackupActivity.A5A(:18)
02-09 13:23:37.415 10566 10566 E LSPosed-Bridge: 	at com.whatsapp.backup.google.RestoreFromBackupActivity.onActivityResult(:309)
02-09 13:23:37.415 10566 10566 I LSPosed-Bridge: BackupRestore: [TRACE] RestoreFromBackupActivity.A1E()
02-09 13:23:37.418 10566 10566 E LSPosed-Bridge: 	at com.wmods.wppenhacer.xposed.features.others.BackupRestore$5.beforeHookedMethod(BackupRestore.java:154)
02-09 13:23:37.418 10566 10566 E LSPosed-Bridge: 	at com.whatsapp.backup.google.RestoreFromBackupActivity.A1E(:281)
02-09 13:23:37.418 10566 10566 E LSPosed-Bridge: 	at com.whatsapp.backup.google.RestoreFromBackupActivity.onActivityResult(:312)
02-09 13:23:37.419 10566 10566 E LSPosed-Bridge: 	at com.wmods.wppenhacer.xposed.features.others.BackupRestore$5.beforeHookedMethod(BackupRestore.java:154)
02-09 13:23:37.419 10566 10566 E LSPosed-Bridge: 	at com.whatsapp.backup.google.RestoreFromBackupActivity.A13(:5)
02-09 13:23:37.419 10566 10566 E LSPosed-Bridge: 	at com.whatsapp.backup.google.RestoreFromBackupActivity.A1E(:281)
02-09 13:23:37.419 10566 10566 E LSPosed-Bridge: 	at com.whatsapp.backup.google.RestoreFromBackupActivity.onActivityResult(:312)
02-09 13:23:37.422 10566 10566 I LSPosed-Bridge: BackupRestore: [TRACE] RestoreFromBackupActivity.A0t()
02-09 13:23:37.423 10566 10566 E LSPosed-Bridge: 	at com.wmods.wppenhacer.xposed.features.others.BackupRestore$5.beforeHookedMethod(BackupRestore.java:154)
02-09 13:23:37.423 10566 10566 E LSPosed-Bridge: 	at com.whatsapp.backup.google.RestoreFromBackupActivity.A0t(:13)
02-09 13:23:37.423 10566 10566 E LSPosed-Bridge: 	at com.whatsapp.backup.google.RestoreFromBackupActivity.A1E(:286)
02-09 13:23:37.423 10566 10566 E LSPosed-Bridge: 	at com.whatsapp.backup.google.RestoreFromBackupActivity.onActivityResult(:312)
02-09 13:23:37.424 10566 10566 E LSPosed-Bridge: 	at com.wmods.wppenhacer.xposed.features.others.BackupRestore$5.beforeHookedMethod(BackupRestore.java:154)
02-09 13:23:37.424 10566 10566 E LSPosed-Bridge: 	at com.whatsapp.backup.google.RestoreFromBackupActivity.A0t(:226)
02-09 13:23:37.424 10566 10566 E LSPosed-Bridge: 	at com.whatsapp.backup.google.RestoreFromBackupActivity.A1E(:286)
